main.c:52:5:main	8	static
main.c:71:6:idle_task	4	static
main.c:76:6:task1_handler	8	static
main.c:86:6:task2_handler	8	static
main.c:97:6:task3_handler	8	static
main.c:108:6:task4_handler	8	static
main.c:116:6:init_systick_timer	32	static
main.c:139:30:init_scheduler_stack	0	static,ignoring_inline_asm
main.c:144:6:init_tasks_stack	24	static
main.c:187:6:enable_processor_faults	16	static
main.c:195:10:get_psp_value	4	static
main.c:199:6:save_psp_value	16	static
main.c:203:30:switch_sp_to_psp	0	static,ignoring_inline_asm
main.c:218:6:schedule	16	static
main.c:227:6:task_delay	16	static,ignoring_inline_asm
main.c:243:6:update_next_task	16	static
main.c:261:30:PendSV_Handler	0	static,ignoring_inline_asm
main.c:288:6:update_global_tick_count	4	static
main.c:293:6:unblock_tasks	16	static
main.c:309:6:SysTick_Handler	16	static
main.c:321:6:HardFault_Handler	8	static
main.c:327:6:MemManage_Handler	8	static
main.c:332:6:BusFault_Handler	8	static
