13:17:45 **** Incremental Build of configuration Debug for project 019Drivers ****
make -j4 all 
arm-none-eabi-size   019Drivers.elf 
   text	   data	    bss	    dec	    hex	filename
   1712	      8	   1568	   3288	    cd8	019Drivers.elf
Finished building: default.size.stdout
 
13:20:33 **** Incremental Build of configuration Debug for project 019Drivers ****
make -j4 all 
arm-none-eabi-size   019Drivers.elf 
   text	   data	    bss	    dec	    hex	filename
   1712	      8	   1568	   3288	    cd8	019Drivers.elf
Finished building: default.size.stdout
 
13:23:01 **** Incremental Build of configuration Debug for project 019Drivers ****
make -j4 all 
arm-none-eabi-size   019Drivers.elf 
   text	   data	    bss	    dec	    hex	filename
   1712	      8	   1568	   3288	    cd8	019Drivers.elf
Finished building: default.size.stdout
 
16:01:02 **** Incremental Build of configuration Debug for project 019Drivers ****
make -j4 all 
arm-none-eabi-gcc "../drivers/Src/019Drivers_gpio_driver.c" -mcpu=cortex-m4 -std=gnu11 -g3 -DSTM32 -DSTM32F4 -DSTM32F446RETx -DDEBUG -DNUCLEO_F446RE -c -I../Inc -I"C:/Users/idavi/STM32CubeIDE/workspace_1.2.0/019Drivers/drivers/Inc" -O0 -ffunction-sections -fdata-sections -Wall -fstack-usage -MMD -MP -MF"drivers/Src/019Drivers_gpio_driver.d" -MT"drivers/Src/019Drivers_gpio_driver.o" --specs=nano.specs -mfpu=fpv4-sp-d16 -mfloat-abi=hard -mthumb -o "drivers/Src/019Drivers_gpio_driver.o"
arm-none-eabi-gcc "../Src/001LEDToggle.c" -mcpu=cortex-m4 -std=gnu11 -g3 -DSTM32 -DSTM32F4 -DSTM32F446RETx -DDEBUG -DNUCLEO_F446RE -c -I../Inc -I"C:/Users/idavi/STM32CubeIDE/workspace_1.2.0/019Drivers/drivers/Inc" -O0 -ffunction-sections -fdata-sections -Wall -fstack-usage -MMD -MP -MF"Src/001LEDToggle.d" -MT"Src/001LEDToggle.o" --specs=nano.specs -mfpu=fpv4-sp-d16 -mfloat-abi=hard -mthumb -o "Src/001LEDToggle.o"
../drivers/Src/019Drivers_gpio_driver.c: In function 'GPIO_DeInit':
../drivers/Src/019Drivers_gpio_driver.c:99:15: warning: statement with no effect [-Wunused-value]
  else (pGPIOx == GPIOI)
       ~~~~~~~~^~~~~~~~~
In file included from C:/Users/idavi/STM32CubeIDE/workspace_1.2.0/019Drivers/drivers/Inc/019Drivers_gpio_driver.h:11:0,
                 from ../drivers/Src/019Drivers_gpio_driver.c:8:
C:/Users/idavi/STM32CubeIDE/workspace_1.2.0/019Drivers/drivers/Inc/019Drivers.h:168:27: error: expected ';' before 'do'
 #define GPIOI_REG_RESET() do{(RCC->AHB1RSTR |= (1 << 8)); (RCC->AHB1RSTR &= ~(1 << 8)); }while(0)
                           ^
../drivers/Src/019Drivers_gpio_driver.c:100:3: note: in expansion of macro 'GPIOI_REG_RESET'
   GPIOI_REG_RESET();
   ^~~~~~~~~~~~~~~
make: *** [drivers/Src/subdir.mk:18: drivers/Src/019Drivers_gpio_driver.o] Error 1
make: *** Waiting for unfinished jobs....
"make -j4 all" terminated with exit code 2. Build might be incomplete.
16:02:01 **** Incremental Build of configuration Debug for project 019Drivers ****
make -j4 all 
arm-none-eabi-gcc "../drivers/Src/019Drivers_gpio_driver.c" -mcpu=cortex-m4 -std=gnu11 -g3 -DSTM32 -DSTM32F4 -DSTM32F446RETx -DDEBUG -DNUCLEO_F446RE -c -I../Inc -I"C:/Users/idavi/STM32CubeIDE/workspace_1.2.0/019Drivers/drivers/Inc" -O0 -ffunction-sections -fdata-sections -Wall -fstack-usage -MMD -MP -MF"drivers/Src/019Drivers_gpio_driver.d" -MT"drivers/Src/019Drivers_gpio_driver.o" --specs=nano.specs -mfpu=fpv4-sp-d16 -mfloat-abi=hard -mthumb -o "drivers/Src/019Drivers_gpio_driver.o"
arm-none-eabi-gcc "../Src/001LEDToggle.c" -mcpu=cortex-m4 -std=gnu11 -g3 -DSTM32 -DSTM32F4 -DSTM32F446RETx -DDEBUG -DNUCLEO_F446RE -c -I../Inc -I"C:/Users/idavi/STM32CubeIDE/workspace_1.2.0/019Drivers/drivers/Inc" -O0 -ffunction-sections -fdata-sections -Wall -fstack-usage -MMD -MP -MF"Src/001LEDToggle.d" -MT"Src/001LEDToggle.o" --specs=nano.specs -mfpu=fpv4-sp-d16 -mfloat-abi=hard -mthumb -o "Src/001LEDToggle.o"
../drivers/Src/019Drivers_gpio_driver.c: In function 'GPIO_DeInit':
../drivers/Src/019Drivers_gpio_driver.c:99:15: warning: statement with no effect [-Wunused-value]
  else (pGPIOx == GPIOI)
       ~~~~~~~~^~~~~~~~~
../drivers/Src/019Drivers_gpio_driver.c:100:3: error: expected ';' before 'GPIOI_REG_RESET'
   GPIOI_REG_RESET();
   ^~~~~~~~~~~~~~~
make: *** [drivers/Src/subdir.mk:18: drivers/Src/019Drivers_gpio_driver.o] Error 1
make: *** Waiting for unfinished jobs....
"make -j4 all" terminated with exit code 2. Build might be incomplete.
16:03:11 **** Incremental Build of configuration Debug for project 019Drivers ****
make -j4 all 
arm-none-eabi-gcc "../drivers/Src/019Drivers_gpio_driver.c" -mcpu=cortex-m4 -std=gnu11 -g3 -DSTM32 -DSTM32F4 -DSTM32F446RETx -DDEBUG -DNUCLEO_F446RE -c -I../Inc -I"C:/Users/idavi/STM32CubeIDE/workspace_1.2.0/019Drivers/drivers/Inc" -O0 -ffunction-sections -fdata-sections -Wall -fstack-usage -MMD -MP -MF"drivers/Src/019Drivers_gpio_driver.d" -MT"drivers/Src/019Drivers_gpio_driver.o" --specs=nano.specs -mfpu=fpv4-sp-d16 -mfloat-abi=hard -mthumb -o "drivers/Src/019Drivers_gpio_driver.o"
arm-none-eabi-gcc -o "019Drivers.elf" @"objects.list"   -mcpu=cortex-m4 -T"C:\Users\idavi\STM32CubeIDE\workspace_1.2.0\019Drivers\STM32F446RETX_FLASH.ld" --specs=nosys.specs -Wl,-Map="019Drivers.map" -Wl,--gc-sections -static --specs=nano.specs -mfpu=fpv4-sp-d16 -mfloat-abi=hard -mthumb -Wl,--start-group -lc -lm -Wl,--end-group
Finished building target: 019Drivers.elf
 
arm-none-eabi-objdump -h -S  019Drivers.elf  > "019Drivers.list"
arm-none-eabi-objcopy  -O binary  019Drivers.elf  "019Drivers.bin"
arm-none-eabi-size   019Drivers.elf 
   text	   data	    bss	    dec	    hex	filename
   1712	      8	   1568	   3288	    cd8	019Drivers.elf
Finished building: default.size.stdout
Finished building: 019Drivers.bin
Finished building: 019Drivers.list
 
 
 
16:03:46 **** Incremental Build of configuration Debug for project 019Drivers ****
make -j4 all 
arm-none-eabi-size   019Drivers.elf 
   text	   data	    bss	    dec	    hex	filename
   1712	      8	   1568	   3288	    cd8	019Drivers.elf
Finished building: default.size.stdout
 
16:04:09 **** Incremental Build of configuration Debug for project 019Drivers ****
make -j4 all 
arm-none-eabi-size   019Drivers.elf 
   text	   data	    bss	    dec	    hex	filename
   1712	      8	   1568	   3288	    cd8	019Drivers.elf
Finished building: default.size.stdout
 
16:12:03 **** Incremental Build of configuration Debug for project 019Drivers ****
make -j4 all 
arm-none-eabi-gcc "../Src/001LEDToggle.c" -mcpu=cortex-m4 -std=gnu11 -g3 -DSTM32 -DSTM32F4 -DSTM32F446RETx -DDEBUG -DNUCLEO_F446RE -c -I../Inc -I"C:/Users/idavi/STM32CubeIDE/workspace_1.2.0/019Drivers/drivers/Inc" -O0 -ffunction-sections -fdata-sections -Wall -fstack-usage -MMD -MP -MF"Src/001LEDToggle.d" -MT"Src/001LEDToggle.o" --specs=nano.specs -mfpu=fpv4-sp-d16 -mfloat-abi=hard -mthumb -o "Src/001LEDToggle.o"
arm-none-eabi-gcc -o "019Drivers.elf" @"objects.list"   -mcpu=cortex-m4 -T"C:\Users\idavi\STM32CubeIDE\workspace_1.2.0\019Drivers\STM32F446RETX_FLASH.ld" --specs=nosys.specs -Wl,-Map="019Drivers.map" -Wl,--gc-sections -static --specs=nano.specs -mfpu=fpv4-sp-d16 -mfloat-abi=hard -mthumb -Wl,--start-group -lc -lm -Wl,--end-group
Finished building target: 019Drivers.elf
 
arm-none-eabi-objdump -h -S  019Drivers.elf  > "019Drivers.list"
arm-none-eabi-objcopy  -O binary  019Drivers.elf  "019Drivers.bin"
arm-none-eabi-size   019Drivers.elf 
   text	   data	    bss	    dec	    hex	filename
   1708	      8	   1568	   3284	    cd4	019Drivers.elf
Finished building: default.size.stdout
Finished building: 019Drivers.list
Finished building: 019Drivers.bin
 
 
 
16:12:10 **** Incremental Build of configuration Debug for project 019Drivers ****
make -j4 all 
arm-none-eabi-size   019Drivers.elf 
   text	   data	    bss	    dec	    hex	filename
   1708	      8	   1568	   3284	    cd4	019Drivers.elf
Finished building: default.size.stdout
 
16:13:38 **** Clean-only build of configuration Debug for project 019Drivers ****
make -j4 clean 
rm -rf *
rm: can't remove '019Drivers.elf': Permission denied
make: [makefile:65: clean] Error 1 (ignored)
 
16:13:42 **** Build of configuration Debug for project 019Drivers ****
make -j4 all 
arm-none-eabi-gcc "../drivers/Src/019Drivers_gpio_driver.c" -mcpu=cortex-m4 -std=gnu11 -g3 -DSTM32 -DSTM32F4 -DSTM32F446RETx -DDEBUG -DNUCLEO_F446RE -c -I../Inc -I"C:/Users/idavi/STM32CubeIDE/workspace_1.2.0/019Drivers/drivers/Inc" -O0 -ffunction-sections -fdata-sections -Wall -fstack-usage -MMD -MP -MF"drivers/Src/019Drivers_gpio_driver.d" -MT"drivers/Src/019Drivers_gpio_driver.o" --specs=nano.specs -mfpu=fpv4-sp-d16 -mfloat-abi=hard -mthumb -o "drivers/Src/019Drivers_gpio_driver.o"
arm-none-eabi-gcc -mcpu=cortex-m4 -g3 -c -x assembler-with-cpp --specs=nano.specs -mfpu=fpv4-sp-d16 -mfloat-abi=hard -mthumb -o "Startup/startup_stm32f446retx.o" "../Startup/startup_stm32f446retx.s"
arm-none-eabi-gcc "../Src/001LEDToggle.c" -mcpu=cortex-m4 -std=gnu11 -g3 -DSTM32 -DSTM32F4 -DSTM32F446RETx -DDEBUG -DNUCLEO_F446RE -c -I../Inc -I"C:/Users/idavi/STM32CubeIDE/workspace_1.2.0/019Drivers/drivers/Inc" -O0 -ffunction-sections -fdata-sections -Wall -fstack-usage -MMD -MP -MF"Src/001LEDToggle.d" -MT"Src/001LEDToggle.o" --specs=nano.specs -mfpu=fpv4-sp-d16 -mfloat-abi=hard -mthumb -o "Src/001LEDToggle.o"
arm-none-eabi-gcc "../Src/syscalls.c" -mcpu=cortex-m4 -std=gnu11 -g3 -DSTM32 -DSTM32F4 -DSTM32F446RETx -DDEBUG -DNUCLEO_F446RE -c -I../Inc -I"C:/Users/idavi/STM32CubeIDE/workspace_1.2.0/019Drivers/drivers/Inc" -O0 -ffunction-sections -fdata-sections -Wall -fstack-usage -MMD -MP -MF"Src/syscalls.d" -MT"Src/syscalls.o" --specs=nano.specs -mfpu=fpv4-sp-d16 -mfloat-abi=hard -mthumb -o "Src/syscalls.o"
arm-none-eabi-gcc "../Src/sysmem.c" -mcpu=cortex-m4 -std=gnu11 -g3 -DSTM32 -DSTM32F4 -DSTM32F446RETx -DDEBUG -DNUCLEO_F446RE -c -I../Inc -I"C:/Users/idavi/STM32CubeIDE/workspace_1.2.0/019Drivers/drivers/Inc" -O0 -ffunction-sections -fdata-sections -Wall -fstack-usage -MMD -MP -MF"Src/sysmem.d" -MT"Src/sysmem.o" --specs=nano.specs -mfpu=fpv4-sp-d16 -mfloat-abi=hard -mthumb -o "Src/sysmem.o"
arm-none-eabi-gcc -o "019Drivers.elf" @"objects.list"   -mcpu=cortex-m4 -T"C:\Users\idavi\STM32CubeIDE\workspace_1.2.0\019Drivers\STM32F446RETX_FLASH.ld" --specs=nosys.specs -Wl,-Map="019Drivers.map" -Wl,--gc-sections -static --specs=nano.specs -mfpu=fpv4-sp-d16 -mfloat-abi=hard -mthumb -Wl,--start-group -lc -lm -Wl,--end-group
Finished building target: 019Drivers.elf
 
arm-none-eabi-size   019Drivers.elf 
arm-none-eabi-objdump -h -S  019Drivers.elf  > "019Drivers.list"
arm-none-eabi-objcopy  -O binary  019Drivers.elf  "019Drivers.bin"
   text	   data	    bss	    dec	    hex	filename
   1708	      8	   1568	   3284	    cd4	019Drivers.elf
Finished building: default.size.stdout
 
Finished building: 019Drivers.list
Finished building: 019Drivers.bin
 
 
16:13:51 **** Incremental Build of configuration Debug for project 019Drivers ****
make -j4 all 
arm-none-eabi-size   019Drivers.elf 
   text	   data	    bss	    dec	    hex	filename
   1708	      8	   1568	   3284	    cd4	019Drivers.elf
Finished building: default.size.stdout
 
16:14:46 **** Incremental Build of configuration Debug for project 019Drivers ****
make -j4 all 
arm-none-eabi-gcc "../Src/001LEDToggle.c" -mcpu=cortex-m4 -std=gnu11 -g3 -DSTM32 -DSTM32F4 -DSTM32F446RETx -DDEBUG -DNUCLEO_F446RE -c -I../Inc -I"C:/Users/idavi/STM32CubeIDE/workspace_1.2.0/019Drivers/drivers/Inc" -O0 -ffunction-sections -fdata-sections -Wall -fstack-usage -MMD -MP -MF"Src/001LEDToggle.d" -MT"Src/001LEDToggle.o" --specs=nano.specs -mfpu=fpv4-sp-d16 -mfloat-abi=hard -mthumb -o "Src/001LEDToggle.o"
arm-none-eabi-gcc -o "019Drivers.elf" @"objects.list"   -mcpu=cortex-m4 -T"C:\Users\idavi\STM32CubeIDE\workspace_1.2.0\019Drivers\STM32F446RETX_FLASH.ld" --specs=nosys.specs -Wl,-Map="019Drivers.map" -Wl,--gc-sections -static --specs=nano.specs -mfpu=fpv4-sp-d16 -mfloat-abi=hard -mthumb -Wl,--start-group -lc -lm -Wl,--end-group
Finished building target: 019Drivers.elf
 
arm-none-eabi-objdump -h -S  019Drivers.elf  > "019Drivers.list"
arm-none-eabi-objcopy  -O binary  019Drivers.elf  "019Drivers.bin"
arm-none-eabi-size   019Drivers.elf 
   text	   data	    bss	    dec	    hex	filename
   1704	      8	   1568	   3280	    cd0	019Drivers.elf
Finished building: default.size.stdout
Finished building: 019Drivers.list
Finished building: 019Drivers.bin
 
 
 
16:16:49 **** Incremental Build of configuration Debug for project 019Drivers ****
make -j4 all 
arm-none-eabi-gcc "../Src/001LEDToggle.c" -mcpu=cortex-m4 -std=gnu11 -g3 -DSTM32 -DSTM32F4 -DSTM32F446RETx -DDEBUG -DNUCLEO_F446RE -c -I../Inc -I"C:/Users/idavi/STM32CubeIDE/workspace_1.2.0/019Drivers/drivers/Inc" -O0 -ffunction-sections -fdata-sections -Wall -fstack-usage -MMD -MP -MF"Src/001LEDToggle.d" -MT"Src/001LEDToggle.o" --specs=nano.specs -mfpu=fpv4-sp-d16 -mfloat-abi=hard -mthumb -o "Src/001LEDToggle.o"
arm-none-eabi-gcc -o "019Drivers.elf" @"objects.list"   -mcpu=cortex-m4 -T"C:\Users\idavi\STM32CubeIDE\workspace_1.2.0\019Drivers\STM32F446RETX_FLASH.ld" --specs=nosys.specs -Wl,-Map="019Drivers.map" -Wl,--gc-sections -static --specs=nano.specs -mfpu=fpv4-sp-d16 -mfloat-abi=hard -mthumb -Wl,--start-group -lc -lm -Wl,--end-group
Finished building target: 019Drivers.elf
 
arm-none-eabi-objdump -h -S  019Drivers.elf  > "019Drivers.list"
arm-none-eabi-objcopy  -O binary  019Drivers.elf  "019Drivers.bin"
arm-none-eabi-size   019Drivers.elf 
   text	   data	    bss	    dec	    hex	filename
   1712	      8	   1568	   3288	    cd8	019Drivers.elf
Finished building: default.size.stdout
Finished building: 019Drivers.list
Finished building: 019Drivers.bin
 
 
 
16:16:54 **** Incremental Build of configuration Debug for project 019Drivers ****
make -j4 all 
arm-none-eabi-size   019Drivers.elf 
   text	   data	    bss	    dec	    hex	filename
   1712	      8	   1568	   3288	    cd8	019Drivers.elf
Finished building: default.size.stdout
 
16:20:02 **** Incremental Build of configuration Debug for project 019Drivers ****
make -j4 all 
arm-none-eabi-gcc "../Src/001LEDToggle.c" -mcpu=cortex-m4 -std=gnu11 -g3 -DSTM32 -DSTM32F4 -DSTM32F446RETx -DDEBUG -DNUCLEO_F446RE -c -I../Inc -I"C:/Users/idavi/STM32CubeIDE/workspace_1.2.0/019Drivers/drivers/Inc" -O0 -ffunction-sections -fdata-sections -Wall -fstack-usage -MMD -MP -MF"Src/001LEDToggle.d" -MT"Src/001LEDToggle.o" --specs=nano.specs -mfpu=fpv4-sp-d16 -mfloat-abi=hard -mthumb -o "Src/001LEDToggle.o"
arm-none-eabi-gcc -o "019Drivers.elf" @"objects.list"   -mcpu=cortex-m4 -T"C:\Users\idavi\STM32CubeIDE\workspace_1.2.0\019Drivers\STM32F446RETX_FLASH.ld" --specs=nosys.specs -Wl,-Map="019Drivers.map" -Wl,--gc-sections -static --specs=nano.specs -mfpu=fpv4-sp-d16 -mfloat-abi=hard -mthumb -Wl,--start-group -lc -lm -Wl,--end-group
Finished building target: 019Drivers.elf
 
arm-none-eabi-objdump -h -S  019Drivers.elf  > "019Drivers.list"
arm-none-eabi-objcopy  -O binary  019Drivers.elf  "019Drivers.bin"
arm-none-eabi-size   019Drivers.elf 
   text	   data	    bss	    dec	    hex	filename
   1708	      8	   1568	   3284	    cd4	019Drivers.elf
Finished building: default.size.stdout
Finished building: 019Drivers.list
Finished building: 019Drivers.bin
 
 
 
16:20:09 **** Incremental Build of configuration Debug for project 019Drivers ****
make -j4 all 
arm-none-eabi-size   019Drivers.elf 
   text	   data	    bss	    dec	    hex	filename
   1708	      8	   1568	   3284	    cd4	019Drivers.elf
Finished building: default.size.stdout
 
16:21:05 **** Incremental Build of configuration Debug for project 019Drivers ****
make -j4 all 
arm-none-eabi-gcc "../Src/001LEDToggle.c" -mcpu=cortex-m4 -std=gnu11 -g3 -DSTM32 -DSTM32F4 -DSTM32F446RETx -DDEBUG -DNUCLEO_F446RE -c -I../Inc -I"C:/Users/idavi/STM32CubeIDE/workspace_1.2.0/019Drivers/drivers/Inc" -O0 -ffunction-sections -fdata-sections -Wall -fstack-usage -MMD -MP -MF"Src/001LEDToggle.d" -MT"Src/001LEDToggle.o" --specs=nano.specs -mfpu=fpv4-sp-d16 -mfloat-abi=hard -mthumb -o "Src/001LEDToggle.o"
arm-none-eabi-gcc -o "019Drivers.elf" @"objects.list"   -mcpu=cortex-m4 -T"C:\Users\idavi\STM32CubeIDE\workspace_1.2.0\019Drivers\STM32F446RETX_FLASH.ld" --specs=nosys.specs -Wl,-Map="019Drivers.map" -Wl,--gc-sections -static --specs=nano.specs -mfpu=fpv4-sp-d16 -mfloat-abi=hard -mthumb -Wl,--start-group -lc -lm -Wl,--end-group
Finished building target: 019Drivers.elf
 
arm-none-eabi-objdump -h -S  019Drivers.elf  > "019Drivers.list"
arm-none-eabi-objcopy  -O binary  019Drivers.elf  "019Drivers.bin"
arm-none-eabi-size   019Drivers.elf 
   text	   data	    bss	    dec	    hex	filename
   1716	      8	   1568	   3292	    cdc	019Drivers.elf
Finished building: default.size.stdout
Finished building: 019Drivers.list
Finished building: 019Drivers.bin
 
 
 
16:37:55 **** Incremental Build of configuration Debug for project 019Drivers ****
make -j4 all 
arm-none-eabi-gcc "../Src/001LEDToggle.c" -mcpu=cortex-m4 -std=gnu11 -g3 -DSTM32 -DSTM32F4 -DSTM32F446RETx -DDEBUG -DNUCLEO_F446RE -c -I../Inc -I"C:/Users/idavi/STM32CubeIDE/workspace_1.2.0/019Drivers/drivers/Inc" -O0 -ffunction-sections -fdata-sections -Wall -fstack-usage -MMD -MP -MF"Src/001LEDToggle.d" -MT"Src/001LEDToggle.o" --specs=nano.specs -mfpu=fpv4-sp-d16 -mfloat-abi=hard -mthumb -o "Src/001LEDToggle.o"
arm-none-eabi-gcc -o "019Drivers.elf" @"objects.list"   -mcpu=cortex-m4 -T"C:\Users\idavi\STM32CubeIDE\workspace_1.2.0\019Drivers\STM32F446RETX_FLASH.ld" --specs=nosys.specs -Wl,-Map="019Drivers.map" -Wl,--gc-sections -static --specs=nano.specs -mfpu=fpv4-sp-d16 -mfloat-abi=hard -mthumb -Wl,--start-group -lc -lm -Wl,--end-group
Finished building target: 019Drivers.elf
 
arm-none-eabi-objdump -h -S  019Drivers.elf  > "019Drivers.list"
arm-none-eabi-objcopy  -O binary  019Drivers.elf  "019Drivers.bin"
arm-none-eabi-size   019Drivers.elf 
   text	   data	    bss	    dec	    hex	filename
   1716	      8	   1568	   3292	    cdc	019Drivers.elf
Finished building: default.size.stdout
Finished building: 019Drivers.list
Finished building: 019Drivers.bin
 
 
 
16:39:59 **** Incremental Build of configuration Debug for project 019Drivers ****
make -j4 all 
arm-none-eabi-gcc "../Src/001LEDToggle.c" -mcpu=cortex-m4 -std=gnu11 -g3 -DSTM32 -DSTM32F4 -DSTM32F446RETx -DDEBUG -DNUCLEO_F446RE -c -I../Inc -I"C:/Users/idavi/STM32CubeIDE/workspace_1.2.0/019Drivers/drivers/Inc" -O0 -ffunction-sections -fdata-sections -Wall -fstack-usage -MMD -MP -MF"Src/001LEDToggle.d" -MT"Src/001LEDToggle.o" --specs=nano.specs -mfpu=fpv4-sp-d16 -mfloat-abi=hard -mthumb -o "Src/001LEDToggle.o"
arm-none-eabi-gcc -o "019Drivers.elf" @"objects.list"   -mcpu=cortex-m4 -T"C:\Users\idavi\STM32CubeIDE\workspace_1.2.0\019Drivers\STM32F446RETX_FLASH.ld" --specs=nosys.specs -Wl,-Map="019Drivers.map" -Wl,--gc-sections -static --specs=nano.specs -mfpu=fpv4-sp-d16 -mfloat-abi=hard -mthumb -Wl,--start-group -lc -lm -Wl,--end-group
Finished building target: 019Drivers.elf
 
arm-none-eabi-objdump -h -S  019Drivers.elf  > "019Drivers.list"
arm-none-eabi-objcopy  -O binary  019Drivers.elf  "019Drivers.bin"
arm-none-eabi-size   019Drivers.elf 
   text	   data	    bss	    dec	    hex	filename
   1716	      8	   1568	   3292	    cdc	019Drivers.elf
Finished building: default.size.stdout
Finished building: 019Drivers.list
Finished building: 019Drivers.bin
 
 
 
16:41:55 **** Incremental Build of configuration Debug for project 019Drivers ****
make -j4 all 
arm-none-eabi-gcc "../Src/001LEDToggle.c" -mcpu=cortex-m4 -std=gnu11 -g3 -DSTM32 -DSTM32F4 -DSTM32F446RETx -DDEBUG -DNUCLEO_F446RE -c -I../Inc -I"C:/Users/idavi/STM32CubeIDE/workspace_1.2.0/019Drivers/drivers/Inc" -O0 -ffunction-sections -fdata-sections -Wall -fstack-usage -MMD -MP -MF"Src/001LEDToggle.d" -MT"Src/001LEDToggle.o" --specs=nano.specs -mfpu=fpv4-sp-d16 -mfloat-abi=hard -mthumb -o "Src/001LEDToggle.o"
arm-none-eabi-gcc -o "019Drivers.elf" @"objects.list"   -mcpu=cortex-m4 -T"C:\Users\idavi\STM32CubeIDE\workspace_1.2.0\019Drivers\STM32F446RETX_FLASH.ld" --specs=nosys.specs -Wl,-Map="019Drivers.map" -Wl,--gc-sections -static --specs=nano.specs -mfpu=fpv4-sp-d16 -mfloat-abi=hard -mthumb -Wl,--start-group -lc -lm -Wl,--end-group
Finished building target: 019Drivers.elf
 
arm-none-eabi-objdump -h -S  019Drivers.elf  > "019Drivers.list"
arm-none-eabi-objcopy  -O binary  019Drivers.elf  "019Drivers.bin"
arm-none-eabi-size   019Drivers.elf 
   text	   data	    bss	    dec	    hex	filename
   1716	      8	   1568	   3292	    cdc	019Drivers.elf
Finished building: default.size.stdout
Finished building: 019Drivers.list
Finished building: 019Drivers.bin
 
 
 
16:42:13 **** Incremental Build of configuration Debug for project 019Drivers ****
make -j4 all 
arm-none-eabi-size   019Drivers.elf 
   text	   data	    bss	    dec	    hex	filename
   1716	      8	   1568	   3292	    cdc	019Drivers.elf
Finished building: default.size.stdout
 
16:59:30 **** Clean-only build of configuration Debug for project 019Drivers ****
make -j4 clean 
rm -rf *
 
16:59:37 **** Clean-only build of configuration Debug for project 019Drivers ****
make -j4 clean 
make: *** No rule to make target 'clean'.  Stop.
"make -j4 clean" terminated with exit code 2. Build might be incomplete.
16:59:37 **** Build of configuration Debug for project 019Drivers ****
make -j4 all 
arm-none-eabi-gcc "../drivers/Src/019Drivers_gpio_driver.c" -mcpu=cortex-m4 -std=gnu11 -g3 -DSTM32 -DSTM32F4 -DSTM32F446RETx -DDEBUG -DNUCLEO_F446RE -c -I../Inc -I"C:/Users/idavi/STM32CubeIDE/workspace_1.2.0/019Drivers/drivers/Inc" -O0 -ffunction-sections -fdata-sections -Wall -fstack-usage -MMD -MP -MF"drivers/Src/019Drivers_gpio_driver.d" -MT"drivers/Src/019Drivers_gpio_driver.o" --specs=nano.specs -mfpu=fpv4-sp-d16 -mfloat-abi=hard -mthumb -o "drivers/Src/019Drivers_gpio_driver.o"
arm-none-eabi-gcc -mcpu=cortex-m4 -g3 -c -x assembler-with-cpp --specs=nano.specs -mfpu=fpv4-sp-d16 -mfloat-abi=hard -mthumb -o "Startup/startup_stm32f446retx.o" "../Startup/startup_stm32f446retx.s"
arm-none-eabi-gcc "../Src/002LEDButton.c" -mcpu=cortex-m4 -std=gnu11 -g3 -DSTM32 -DSTM32F4 -DSTM32F446RETx -DDEBUG -DNUCLEO_F446RE -c -I../Inc -I"C:/Users/idavi/STM32CubeIDE/workspace_1.2.0/019Drivers/drivers/Inc" -O0 -ffunction-sections -fdata-sections -Wall -fstack-usage -MMD -MP -MF"Src/002LEDButton.d" -MT"Src/002LEDButton.o" --specs=nano.specs -mfpu=fpv4-sp-d16 -mfloat-abi=hard -mthumb -o "Src/002LEDButton.o"
arm-none-eabi-gcc "../Src/syscalls.c" -mcpu=cortex-m4 -std=gnu11 -g3 -DSTM32 -DSTM32F4 -DSTM32F446RETx -DDEBUG -DNUCLEO_F446RE -c -I../Inc -I"C:/Users/idavi/STM32CubeIDE/workspace_1.2.0/019Drivers/drivers/Inc" -O0 -ffunction-sections -fdata-sections -Wall -fstack-usage -MMD -MP -MF"Src/syscalls.d" -MT"Src/syscalls.o" --specs=nano.specs -mfpu=fpv4-sp-d16 -mfloat-abi=hard -mthumb -o "Src/syscalls.o"
../Src/002LEDButton.c: In function 'main':
../Src/002LEDButton.c:16:25: warning: variable 'gpioBTN' set but not used [-Wunused-but-set-variable]
  GPIO_Handle_t gpioLED, gpioBTN;
                         ^~~~~~~
arm-none-eabi-gcc "../Src/sysmem.c" -mcpu=cortex-m4 -std=gnu11 -g3 -DSTM32 -DSTM32F4 -DSTM32F446RETx -DDEBUG -DNUCLEO_F446RE -c -I../Inc -I"C:/Users/idavi/STM32CubeIDE/workspace_1.2.0/019Drivers/drivers/Inc" -O0 -ffunction-sections -fdata-sections -Wall -fstack-usage -MMD -MP -MF"Src/sysmem.d" -MT"Src/sysmem.o" --specs=nano.specs -mfpu=fpv4-sp-d16 -mfloat-abi=hard -mthumb -o "Src/sysmem.o"
arm-none-eabi-gcc -o "019Drivers.elf" @"objects.list"   -mcpu=cortex-m4 -T"C:\Users\idavi\STM32CubeIDE\workspace_1.2.0\019Drivers\STM32F446RETX_FLASH.ld" --specs=nosys.specs -Wl,-Map="019Drivers.map" -Wl,--gc-sections -static --specs=nano.specs -mfpu=fpv4-sp-d16 -mfloat-abi=hard -mthumb -Wl,--start-group -lc -lm -Wl,--end-group
Finished building target: 019Drivers.elf
 
arm-none-eabi-size   019Drivers.elf 
arm-none-eabi-objdump -h -S  019Drivers.elf  > "019Drivers.list"
arm-none-eabi-objcopy  -O binary  019Drivers.elf  "019Drivers.bin"
   text	   data	    bss	    dec	    hex	filename
   1804	      8	   1568	   3380	    d34	019Drivers.elf
Finished building: default.size.stdout
 
Finished building: 019Drivers.list
Finished building: 019Drivers.bin
 
 
17:00:03 **** Incremental Build of configuration Debug for project 019Drivers ****
make -j4 all 
arm-none-eabi-gcc "../Src/002LEDButton.c" -mcpu=cortex-m4 -std=gnu11 -g3 -DSTM32 -DSTM32F4 -DSTM32F446RETx -DDEBUG -DNUCLEO_F446RE -c -I../Inc -I"C:/Users/idavi/STM32CubeIDE/workspace_1.2.0/019Drivers/drivers/Inc" -O0 -ffunction-sections -fdata-sections -Wall -fstack-usage -MMD -MP -MF"Src/002LEDButton.d" -MT"Src/002LEDButton.o" --specs=nano.specs -mfpu=fpv4-sp-d16 -mfloat-abi=hard -mthumb -o "Src/002LEDButton.o"
../Src/002LEDButton.c: In function 'main':
../Src/002LEDButton.c:16:16: warning: variable 'gpioLED' set but not used [-Wunused-but-set-variable]
  GPIO_Handle_t gpioLED, gpioBTN;
                ^~~~~~~
arm-none-eabi-gcc -o "019Drivers.elf" @"objects.list"   -mcpu=cortex-m4 -T"C:\Users\idavi\STM32CubeIDE\workspace_1.2.0\019Drivers\STM32F446RETX_FLASH.ld" --specs=nosys.specs -Wl,-Map="019Drivers.map" -Wl,--gc-sections -static --specs=nano.specs -mfpu=fpv4-sp-d16 -mfloat-abi=hard -mthumb -Wl,--start-group -lc -lm -Wl,--end-group
Finished building target: 019Drivers.elf
 
arm-none-eabi-objdump -h -S  019Drivers.elf  > "019Drivers.list"
arm-none-eabi-objcopy  -O binary  019Drivers.elf  "019Drivers.bin"
arm-none-eabi-size   019Drivers.elf 
   text	   data	    bss	    dec	    hex	filename
   1804	      8	   1568	   3380	    d34	019Drivers.elf
Finished building: default.size.stdout
Finished building: 019Drivers.list
Finished building: 019Drivers.bin
 
 
 
17:01:18 **** Incremental Build of configuration Debug for project 019Drivers ****
make -j4 all 
arm-none-eabi-gcc "../Src/002LEDButton.c" -mcpu=cortex-m4 -std=gnu11 -g3 -DSTM32 -DSTM32F4 -DSTM32F446RETx -DDEBUG -DNUCLEO_F446RE -c -I../Inc -I"C:/Users/idavi/STM32CubeIDE/workspace_1.2.0/019Drivers/drivers/Inc" -O0 -ffunction-sections -fdata-sections -Wall -fstack-usage -MMD -MP -MF"Src/002LEDButton.d" -MT"Src/002LEDButton.o" --specs=nano.specs -mfpu=fpv4-sp-d16 -mfloat-abi=hard -mthumb -o "Src/002LEDButton.o"
arm-none-eabi-gcc -o "019Drivers.elf" @"objects.list"   -mcpu=cortex-m4 -T"C:\Users\idavi\STM32CubeIDE\workspace_1.2.0\019Drivers\STM32F446RETX_FLASH.ld" --specs=nosys.specs -Wl,-Map="019Drivers.map" -Wl,--gc-sections -static --specs=nano.specs -mfpu=fpv4-sp-d16 -mfloat-abi=hard -mthumb -Wl,--start-group -lc -lm -Wl,--end-group
Finished building target: 019Drivers.elf
 
arm-none-eabi-objdump -h -S  019Drivers.elf  > "019Drivers.list"
arm-none-eabi-objcopy  -O binary  019Drivers.elf  "019Drivers.bin"
arm-none-eabi-size   019Drivers.elf 
   text	   data	    bss	    dec	    hex	filename
   1820	      8	   1568	   3396	    d44	019Drivers.elf
Finished building: default.size.stdout
Finished building: 019Drivers.list
Finished building: 019Drivers.bin
 
 
 
17:01:29 **** Incremental Build of configuration Debug for project 019Drivers ****
make -j4 all 
arm-none-eabi-size   019Drivers.elf 
   text	   data	    bss	    dec	    hex	filename
   1820	      8	   1568	   3396	    d44	019Drivers.elf
Finished building: default.size.stdout
 
17:02:39 **** Incremental Build of configuration Debug for project 019Drivers ****
make -j4 all 
arm-none-eabi-gcc "../Src/002LEDButton.c" -mcpu=cortex-m4 -std=gnu11 -g3 -DSTM32 -DSTM32F4 -DSTM32F446RETx -DDEBUG -DNUCLEO_F446RE -c -I../Inc -I"C:/Users/idavi/STM32CubeIDE/workspace_1.2.0/019Drivers/drivers/Inc" -O0 -ffunction-sections -fdata-sections -Wall -fstack-usage -MMD -MP -MF"Src/002LEDButton.d" -MT"Src/002LEDButton.o" --specs=nano.specs -mfpu=fpv4-sp-d16 -mfloat-abi=hard -mthumb -o "Src/002LEDButton.o"
../Src/002LEDButton.c: In function 'main':
../Src/002LEDButton.c:16:25: warning: unused variable 'gpioBTN' [-Wunused-variable]
  GPIO_Handle_t gpioLED, gpioBTN;
                         ^~~~~~~
arm-none-eabi-gcc -o "019Drivers.elf" @"objects.list"   -mcpu=cortex-m4 -T"C:\Users\idavi\STM32CubeIDE\workspace_1.2.0\019Drivers\STM32F446RETX_FLASH.ld" --specs=nosys.specs -Wl,-Map="019Drivers.map" -Wl,--gc-sections -static --specs=nano.specs -mfpu=fpv4-sp-d16 -mfloat-abi=hard -mthumb -Wl,--start-group -lc -lm -Wl,--end-group
Finished building target: 019Drivers.elf
 
arm-none-eabi-objdump -h -S  019Drivers.elf  > "019Drivers.list"
arm-none-eabi-objcopy  -O binary  019Drivers.elf  "019Drivers.bin"
arm-none-eabi-size   019Drivers.elf 
   text	   data	    bss	    dec	    hex	filename
   1720	      8	   1568	   3296	    ce0	019Drivers.elf
Finished building: default.size.stdout
Finished building: 019Drivers.list
Finished building: 019Drivers.bin
 
 
 
17:02:46 **** Incremental Build of configuration Debug for project 019Drivers ****
make -j4 all 
arm-none-eabi-size   019Drivers.elf 
   text	   data	    bss	    dec	    hex	filename
   1720	      8	   1568	   3296	    ce0	019Drivers.elf
Finished building: default.size.stdout
 
17:05:06 **** Incremental Build of configuration Debug for project 019Drivers ****
make -j4 all 
arm-none-eabi-gcc "../Src/002LEDButton.c" -mcpu=cortex-m4 -std=gnu11 -g3 -DSTM32 -DSTM32F4 -DSTM32F446RETx -DDEBUG -DNUCLEO_F446RE -c -I../Inc -I"C:/Users/idavi/STM32CubeIDE/workspace_1.2.0/019Drivers/drivers/Inc" -O0 -ffunction-sections -fdata-sections -Wall -fstack-usage -MMD -MP -MF"Src/002LEDButton.d" -MT"Src/002LEDButton.o" --specs=nano.specs -mfpu=fpv4-sp-d16 -mfloat-abi=hard -mthumb -o "Src/002LEDButton.o"
arm-none-eabi-gcc -o "019Drivers.elf" @"objects.list"   -mcpu=cortex-m4 -T"C:\Users\idavi\STM32CubeIDE\workspace_1.2.0\019Drivers\STM32F446RETX_FLASH.ld" --specs=nosys.specs -Wl,-Map="019Drivers.map" -Wl,--gc-sections -static --specs=nano.specs -mfpu=fpv4-sp-d16 -mfloat-abi=hard -mthumb -Wl,--start-group -lc -lm -Wl,--end-group
Finished building target: 019Drivers.elf
 
arm-none-eabi-objdump -h -S  019Drivers.elf  > "019Drivers.list"
arm-none-eabi-objcopy  -O binary  019Drivers.elf  "019Drivers.bin"
arm-none-eabi-size   019Drivers.elf 
   text	   data	    bss	    dec	    hex	filename
   1820	      8	   1568	   3396	    d44	019Drivers.elf
Finished building: default.size.stdout
Finished building: 019Drivers.list
Finished building: 019Drivers.bin
 
 
 
17:05:59 **** Incremental Build of configuration Debug for project 019Drivers ****
make -j4 all 
arm-none-eabi-size   019Drivers.elf 
   text	   data	    bss	    dec	    hex	filename
   1820	      8	   1568	   3396	    d44	019Drivers.elf
Finished building: default.size.stdout
 
17:06:49 **** Incremental Build of configuration Debug for project 019Drivers ****
make -j4 all 
arm-none-eabi-gcc "../Src/002LEDButton.c" -mcpu=cortex-m4 -std=gnu11 -g3 -DSTM32 -DSTM32F4 -DSTM32F446RETx -DDEBUG -DNUCLEO_F446RE -c -I../Inc -I"C:/Users/idavi/STM32CubeIDE/workspace_1.2.0/019Drivers/drivers/Inc" -O0 -ffunction-sections -fdata-sections -Wall -fstack-usage -MMD -MP -MF"Src/002LEDButton.d" -MT"Src/002LEDButton.o" --specs=nano.specs -mfpu=fpv4-sp-d16 -mfloat-abi=hard -mthumb -o "Src/002LEDButton.o"
arm-none-eabi-gcc -o "019Drivers.elf" @"objects.list"   -mcpu=cortex-m4 -T"C:\Users\idavi\STM32CubeIDE\workspace_1.2.0\019Drivers\STM32F446RETX_FLASH.ld" --specs=nosys.specs -Wl,-Map="019Drivers.map" -Wl,--gc-sections -static --specs=nano.specs -mfpu=fpv4-sp-d16 -mfloat-abi=hard -mthumb -Wl,--start-group -lc -lm -Wl,--end-group
Finished building target: 019Drivers.elf
 
arm-none-eabi-objdump -h -S  019Drivers.elf  > "019Drivers.list"
arm-none-eabi-objcopy  -O binary  019Drivers.elf  "019Drivers.bin"
arm-none-eabi-size   019Drivers.elf 
   text	   data	    bss	    dec	    hex	filename
   1820	      8	   1568	   3396	    d44	019Drivers.elf
Finished building: default.size.stdout
 
Finished building: 019Drivers.list
Finished building: 019Drivers.bin
 
 
17:07:49 **** Incremental Build of configuration Debug for project 019Drivers ****
make -j4 all 
arm-none-eabi-gcc "../Src/002LEDButton.c" -mcpu=cortex-m4 -std=gnu11 -g3 -DSTM32 -DSTM32F4 -DSTM32F446RETx -DDEBUG -DNUCLEO_F446RE -c -I../Inc -I"C:/Users/idavi/STM32CubeIDE/workspace_1.2.0/019Drivers/drivers/Inc" -O0 -ffunction-sections -fdata-sections -Wall -fstack-usage -MMD -MP -MF"Src/002LEDButton.d" -MT"Src/002LEDButton.o" --specs=nano.specs -mfpu=fpv4-sp-d16 -mfloat-abi=hard -mthumb -o "Src/002LEDButton.o"
arm-none-eabi-gcc -o "019Drivers.elf" @"objects.list"   -mcpu=cortex-m4 -T"C:\Users\idavi\STM32CubeIDE\workspace_1.2.0\019Drivers\STM32F446RETX_FLASH.ld" --specs=nosys.specs -Wl,-Map="019Drivers.map" -Wl,--gc-sections -static --specs=nano.specs -mfpu=fpv4-sp-d16 -mfloat-abi=hard -mthumb -Wl,--start-group -lc -lm -Wl,--end-group
Finished building target: 019Drivers.elf
 
arm-none-eabi-objdump -h -S  019Drivers.elf  > "019Drivers.list"
arm-none-eabi-objcopy  -O binary  019Drivers.elf  "019Drivers.bin"
arm-none-eabi-size   019Drivers.elf 
   text	   data	    bss	    dec	    hex	filename
   1820	      8	   1568	   3396	    d44	019Drivers.elf
Finished building: default.size.stdout
Finished building: 019Drivers.list
Finished building: 019Drivers.bin
 
 
 
17:14:15 **** Incremental Build of configuration Debug for project 019Drivers ****
make -j4 all 
arm-none-eabi-gcc "../Src/002LEDButton.c" -mcpu=cortex-m4 -std=gnu11 -g3 -DSTM32 -DSTM32F4 -DSTM32F446RETx -DDEBUG -DNUCLEO_F446RE -c -I../Inc -I"C:/Users/idavi/STM32CubeIDE/workspace_1.2.0/019Drivers/drivers/Inc" -O0 -ffunction-sections -fdata-sections -Wall -fstack-usage -MMD -MP -MF"Src/002LEDButton.d" -MT"Src/002LEDButton.o" --specs=nano.specs -mfpu=fpv4-sp-d16 -mfloat-abi=hard -mthumb -o "Src/002LEDButton.o"
../Src/002LEDButton.c: In function 'main':
../Src/002LEDButton.c:52:32: error: 'GPIO_PIN_5' undeclared (first use in this function); did you mean 'GPIO_PIN_PU'?
    GPIO_WriteToOutputPin(GPIOA,GPIO_PIN_5,RESET)
                                ^~~~~~~~~~
                                GPIO_PIN_PU
../Src/002LEDButton.c:52:32: note: each undeclared identifier is reported only once for each function it appears in
../Src/002LEDButton.c:54:2: error: expected ';' before '}' token
  }
  ^
make: *** [Src/subdir.mk:24: Src/002LEDButton.o] Error 1
"make -j4 all" terminated with exit code 2. Build might be incomplete.
17:14:41 **** Incremental Build of configuration Debug for project 019Drivers ****
make -j4 all 
arm-none-eabi-gcc "../Src/002LEDButton.c" -mcpu=cortex-m4 -std=gnu11 -g3 -DSTM32 -DSTM32F4 -DSTM32F446RETx -DDEBUG -DNUCLEO_F446RE -c -I../Inc -I"C:/Users/idavi/STM32CubeIDE/workspace_1.2.0/019Drivers/drivers/Inc" -O0 -ffunction-sections -fdata-sections -Wall -fstack-usage -MMD -MP -MF"Src/002LEDButton.d" -MT"Src/002LEDButton.o" --specs=nano.specs -mfpu=fpv4-sp-d16 -mfloat-abi=hard -mthumb -o "Src/002LEDButton.o"
../Src/002LEDButton.c: In function 'main':
../Src/002LEDButton.c:52:32: error: 'GPIO_PIN_5' undeclared (first use in this function); did you mean 'GPIO_PIN_PU'?
    GPIO_WriteToOutputPin(GPIOA,GPIO_PIN_5,RESET);
                                ^~~~~~~~~~
                                GPIO_PIN_PU
../Src/002LEDButton.c:52:32: note: each undeclared identifier is reported only once for each function it appears in
make: *** [Src/subdir.mk:24: Src/002LEDButton.o] Error 1
"make -j4 all" terminated with exit code 2. Build might be incomplete.
17:15:02 **** Clean-only build of configuration Debug for project 019Drivers ****
make -j4 clean 
rm -rf *
rm: can't remove '019Drivers.elf': Permission denied
make: [makefile:65: clean] Error 1 (ignored)
 
17:15:07 **** Build of configuration Debug for project 019Drivers ****
make -j4 all 
arm-none-eabi-gcc "../drivers/Src/019Drivers_gpio_driver.c" -mcpu=cortex-m4 -std=gnu11 -g3 -DSTM32 -DSTM32F4 -DSTM32F446RETx -DDEBUG -DNUCLEO_F446RE -c -I../Inc -I"C:/Users/idavi/STM32CubeIDE/workspace_1.2.0/019Drivers/drivers/Inc" -O0 -ffunction-sections -fdata-sections -Wall -fstack-usage -MMD -MP -MF"drivers/Src/019Drivers_gpio_driver.d" -MT"drivers/Src/019Drivers_gpio_driver.o" --specs=nano.specs -mfpu=fpv4-sp-d16 -mfloat-abi=hard -mthumb -o "drivers/Src/019Drivers_gpio_driver.o"
arm-none-eabi-gcc -mcpu=cortex-m4 -g3 -c -x assembler-with-cpp --specs=nano.specs -mfpu=fpv4-sp-d16 -mfloat-abi=hard -mthumb -o "Startup/startup_stm32f446retx.o" "../Startup/startup_stm32f446retx.s"
arm-none-eabi-gcc "../Src/002LEDButton.c" -mcpu=cortex-m4 -std=gnu11 -g3 -DSTM32 -DSTM32F4 -DSTM32F446RETx -DDEBUG -DNUCLEO_F446RE -c -I../Inc -I"C:/Users/idavi/STM32CubeIDE/workspace_1.2.0/019Drivers/drivers/Inc" -O0 -ffunction-sections -fdata-sections -Wall -fstack-usage -MMD -MP -MF"Src/002LEDButton.d" -MT"Src/002LEDButton.o" --specs=nano.specs -mfpu=fpv4-sp-d16 -mfloat-abi=hard -mthumb -o "Src/002LEDButton.o"
arm-none-eabi-gcc "../Src/syscalls.c" -mcpu=cortex-m4 -std=gnu11 -g3 -DSTM32 -DSTM32F4 -DSTM32F446RETx -DDEBUG -DNUCLEO_F446RE -c -I../Inc -I"C:/Users/idavi/STM32CubeIDE/workspace_1.2.0/019Drivers/drivers/Inc" -O0 -ffunction-sections -fdata-sections -Wall -fstack-usage -MMD -MP -MF"Src/syscalls.d" -MT"Src/syscalls.o" --specs=nano.specs -mfpu=fpv4-sp-d16 -mfloat-abi=hard -mthumb -o "Src/syscalls.o"
arm-none-eabi-gcc "../Src/sysmem.c" -mcpu=cortex-m4 -std=gnu11 -g3 -DSTM32 -DSTM32F4 -DSTM32F446RETx -DDEBUG -DNUCLEO_F446RE -c -I../Inc -I"C:/Users/idavi/STM32CubeIDE/workspace_1.2.0/019Drivers/drivers/Inc" -O0 -ffunction-sections -fdata-sections -Wall -fstack-usage -MMD -MP -MF"Src/sysmem.d" -MT"Src/sysmem.o" --specs=nano.specs -mfpu=fpv4-sp-d16 -mfloat-abi=hard -mthumb -o "Src/sysmem.o"
arm-none-eabi-gcc -o "019Drivers.elf" @"objects.list"   -mcpu=cortex-m4 -T"C:\Users\idavi\STM32CubeIDE\workspace_1.2.0\019Drivers\STM32F446RETX_FLASH.ld" --specs=nosys.specs -Wl,-Map="019Drivers.map" -Wl,--gc-sections -static --specs=nano.specs -mfpu=fpv4-sp-d16 -mfloat-abi=hard -mthumb -Wl,--start-group -lc -lm -Wl,--end-group
Finished building target: 019Drivers.elf
 
arm-none-eabi-size   019Drivers.elf 
arm-none-eabi-objdump -h -S  019Drivers.elf  > "019Drivers.list"
arm-none-eabi-objcopy  -O binary  019Drivers.elf  "019Drivers.bin"
   text	   data	    bss	    dec	    hex	filename
   1896	      8	   1568	   3472	    d90	019Drivers.elf
Finished building: default.size.stdout
 
Finished building: 019Drivers.bin
Finished building: 019Drivers.list
 
 
17:15:14 **** Incremental Build of configuration Debug for project 019Drivers ****
make -j4 all 
arm-none-eabi-size   019Drivers.elf 
   text	   data	    bss	    dec	    hex	filename
   1896	      8	   1568	   3472	    d90	019Drivers.elf
Finished building: default.size.stdout
 
19:10:19 **** Incremental Build of configuration Debug for project 019Drivers ****
make -j4 all 
arm-none-eabi-gcc "../Src/002LEDButton.c" -mcpu=cortex-m4 -std=gnu11 -g3 -DSTM32 -DSTM32F4 -DSTM32F446RETx -DDEBUG -DNUCLEO_F446RE -c -I../Inc -I"C:/Users/idavi/STM32CubeIDE/workspace_1.2.0/019Drivers/drivers/Inc" -O0 -ffunction-sections -fdata-sections -Wall -fstack-usage -MMD -MP -MF"Src/002LEDButton.d" -MT"Src/002LEDButton.o" --specs=nano.specs -mfpu=fpv4-sp-d16 -mfloat-abi=hard -mthumb -o "Src/002LEDButton.o"
../Src/002LEDButton.c: In function 'main':
../Src/002LEDButton.c:48:3: error: expected ';' before 'if'
   if(value == RESET) {   // if the pin is pressed - it will be low
   ^~
../Src/002LEDButton.c:45:11: warning: variable 'value' set but not used [-Wunused-but-set-variable]
  uint32_t value = 0;
           ^~~~~
make: *** [Src/subdir.mk:24: Src/002LEDButton.o] Error 1
"make -j4 all" terminated with exit code 2. Build might be incomplete.
19:10:37 **** Incremental Build of configuration Debug for project 019Drivers ****
make -j4 all 
arm-none-eabi-gcc "../Src/002LEDButton.c" -mcpu=cortex-m4 -std=gnu11 -g3 -DSTM32 -DSTM32F4 -DSTM32F446RETx -DDEBUG -DNUCLEO_F446RE -c -I../Inc -I"C:/Users/idavi/STM32CubeIDE/workspace_1.2.0/019Drivers/drivers/Inc" -O0 -ffunction-sections -fdata-sections -Wall -fstack-usage -MMD -MP -MF"Src/002LEDButton.d" -MT"Src/002LEDButton.o" --specs=nano.specs -mfpu=fpv4-sp-d16 -mfloat-abi=hard -mthumb -o "Src/002LEDButton.o"
arm-none-eabi-gcc -o "019Drivers.elf" @"objects.list"   -mcpu=cortex-m4 -T"C:\Users\idavi\STM32CubeIDE\workspace_1.2.0\019Drivers\STM32F446RETX_FLASH.ld" --specs=nosys.specs -Wl,-Map="019Drivers.map" -Wl,--gc-sections -static --specs=nano.specs -mfpu=fpv4-sp-d16 -mfloat-abi=hard -mthumb -Wl,--start-group -lc -lm -Wl,--end-group
Finished building target: 019Drivers.elf
 
arm-none-eabi-objdump -h -S  019Drivers.elf  > "019Drivers.list"
arm-none-eabi-objcopy  -O binary  019Drivers.elf  "019Drivers.bin"
arm-none-eabi-size   019Drivers.elf 
   text	   data	    bss	    dec	    hex	filename
   1904	      8	   1568	   3480	    d98	019Drivers.elf
Finished building: default.size.stdout
Finished building: 019Drivers.bin
Finished building: 019Drivers.list
 
 
 
19:11:11 **** Incremental Build of configuration Debug for project 019Drivers ****
make -j4 all 
arm-none-eabi-size   019Drivers.elf 
   text	   data	    bss	    dec	    hex	filename
   1904	      8	   1568	   3480	    d98	019Drivers.elf
Finished building: default.size.stdout
 
19:12:08 **** Incremental Build of configuration Debug for project 019Drivers ****
make -j4 all 
arm-none-eabi-gcc "../Src/002LEDButton.c" -mcpu=cortex-m4 -std=gnu11 -g3 -DSTM32 -DSTM32F4 -DSTM32F446RETx -DDEBUG -DNUCLEO_F446RE -c -I../Inc -I"C:/Users/idavi/STM32CubeIDE/workspace_1.2.0/019Drivers/drivers/Inc" -O0 -ffunction-sections -fdata-sections -Wall -fstack-usage -MMD -MP -MF"Src/002LEDButton.d" -MT"Src/002LEDButton.o" --specs=nano.specs -mfpu=fpv4-sp-d16 -mfloat-abi=hard -mthumb -o "Src/002LEDButton.o"
arm-none-eabi-gcc -o "019Drivers.elf" @"objects.list"   -mcpu=cortex-m4 -T"C:\Users\idavi\STM32CubeIDE\workspace_1.2.0\019Drivers\STM32F446RETX_FLASH.ld" --specs=nosys.specs -Wl,-Map="019Drivers.map" -Wl,--gc-sections -static --specs=nano.specs -mfpu=fpv4-sp-d16 -mfloat-abi=hard -mthumb -Wl,--start-group -lc -lm -Wl,--end-group
Finished building target: 019Drivers.elf
 
arm-none-eabi-objdump -h -S  019Drivers.elf  > "019Drivers.list"
arm-none-eabi-objcopy  -O binary  019Drivers.elf  "019Drivers.bin"
arm-none-eabi-size   019Drivers.elf 
   text	   data	    bss	    dec	    hex	filename
   1904	      8	   1568	   3480	    d98	019Drivers.elf
Finished building: default.size.stdout
Finished building: 019Drivers.list
Finished building: 019Drivers.bin
 
 
 
19:12:26 **** Incremental Build of configuration Debug for project 019Drivers ****
make -j4 all 
arm-none-eabi-size   019Drivers.elf 
   text	   data	    bss	    dec	    hex	filename
   1904	      8	   1568	   3480	    d98	019Drivers.elf
Finished building: default.size.stdout
 
19:13:25 **** Incremental Build of configuration Debug for project 019Drivers ****
make -j4 all 
arm-none-eabi-size   019Drivers.elf 
   text	   data	    bss	    dec	    hex	filename
   1904	      8	   1568	   3480	    d98	019Drivers.elf
Finished building: default.size.stdout
 
19:14:21 **** Incremental Build of configuration Debug for project 019Drivers ****
make -j4 all 
arm-none-eabi-gcc "../Src/002LEDButton.c" -mcpu=cortex-m4 -std=gnu11 -g3 -DSTM32 -DSTM32F4 -DSTM32F446RETx -DDEBUG -DNUCLEO_F446RE -c -I../Inc -I"C:/Users/idavi/STM32CubeIDE/workspace_1.2.0/019Drivers/drivers/Inc" -O0 -ffunction-sections -fdata-sections -Wall -fstack-usage -MMD -MP -MF"Src/002LEDButton.d" -MT"Src/002LEDButton.o" --specs=nano.specs -mfpu=fpv4-sp-d16 -mfloat-abi=hard -mthumb -o "Src/002LEDButton.o"
arm-none-eabi-gcc -o "019Drivers.elf" @"objects.list"   -mcpu=cortex-m4 -T"C:\Users\idavi\STM32CubeIDE\workspace_1.2.0\019Drivers\STM32F446RETX_FLASH.ld" --specs=nosys.specs -Wl,-Map="019Drivers.map" -Wl,--gc-sections -static --specs=nano.specs -mfpu=fpv4-sp-d16 -mfloat-abi=hard -mthumb -Wl,--start-group -lc -lm -Wl,--end-group
Finished building target: 019Drivers.elf
 
arm-none-eabi-objdump -h -S  019Drivers.elf  > "019Drivers.list"
arm-none-eabi-objcopy  -O binary  019Drivers.elf  "019Drivers.bin"
arm-none-eabi-size   019Drivers.elf 
   text	   data	    bss	    dec	    hex	filename
   1900	      8	   1568	   3476	    d94	019Drivers.elf
Finished building: default.size.stdout
Finished building: 019Drivers.list
Finished building: 019Drivers.bin
 
 
 
19:15:24 **** Incremental Build of configuration Debug for project 019Drivers ****
make -j4 all 
arm-none-eabi-gcc "../Src/002LEDButton.c" -mcpu=cortex-m4 -std=gnu11 -g3 -DSTM32 -DSTM32F4 -DSTM32F446RETx -DDEBUG -DNUCLEO_F446RE -c -I../Inc -I"C:/Users/idavi/STM32CubeIDE/workspace_1.2.0/019Drivers/drivers/Inc" -O0 -ffunction-sections -fdata-sections -Wall -fstack-usage -MMD -MP -MF"Src/002LEDButton.d" -MT"Src/002LEDButton.o" --specs=nano.specs -mfpu=fpv4-sp-d16 -mfloat-abi=hard -mthumb -o "Src/002LEDButton.o"
arm-none-eabi-gcc -o "019Drivers.elf" @"objects.list"   -mcpu=cortex-m4 -T"C:\Users\idavi\STM32CubeIDE\workspace_1.2.0\019Drivers\STM32F446RETX_FLASH.ld" --specs=nosys.specs -Wl,-Map="019Drivers.map" -Wl,--gc-sections -static --specs=nano.specs -mfpu=fpv4-sp-d16 -mfloat-abi=hard -mthumb -Wl,--start-group -lc -lm -Wl,--end-group
Finished building target: 019Drivers.elf
 
arm-none-eabi-objdump -h -S  019Drivers.elf  > "019Drivers.list"
arm-none-eabi-objcopy  -O binary  019Drivers.elf  "019Drivers.bin"
arm-none-eabi-size   019Drivers.elf 
   text	   data	    bss	    dec	    hex	filename
   1900	      8	   1568	   3476	    d94	019Drivers.elf
Finished building: default.size.stdout
Finished building: 019Drivers.list
Finished building: 019Drivers.bin
 
 
 
19:16:23 **** Incremental Build of configuration Debug for project 019Drivers ****
make -j4 all 
arm-none-eabi-gcc "../Src/002LEDButton.c" -mcpu=cortex-m4 -std=gnu11 -g3 -DSTM32 -DSTM32F4 -DSTM32F446RETx -DDEBUG -DNUCLEO_F446RE -c -I../Inc -I"C:/Users/idavi/STM32CubeIDE/workspace_1.2.0/019Drivers/drivers/Inc" -O0 -ffunction-sections -fdata-sections -Wall -fstack-usage -MMD -MP -MF"Src/002LEDButton.d" -MT"Src/002LEDButton.o" --specs=nano.specs -mfpu=fpv4-sp-d16 -mfloat-abi=hard -mthumb -o "Src/002LEDButton.o"
arm-none-eabi-gcc -o "019Drivers.elf" @"objects.list"   -mcpu=cortex-m4 -T"C:\Users\idavi\STM32CubeIDE\workspace_1.2.0\019Drivers\STM32F446RETX_FLASH.ld" --specs=nosys.specs -Wl,-Map="019Drivers.map" -Wl,--gc-sections -static --specs=nano.specs -mfpu=fpv4-sp-d16 -mfloat-abi=hard -mthumb -Wl,--start-group -lc -lm -Wl,--end-group
Finished building target: 019Drivers.elf
 
arm-none-eabi-objdump -h -S  019Drivers.elf  > "019Drivers.list"
arm-none-eabi-objcopy  -O binary  019Drivers.elf  "019Drivers.bin"
arm-none-eabi-size   019Drivers.elf 
   text	   data	    bss	    dec	    hex	filename
   1900	      8	   1568	   3476	    d94	019Drivers.elf
Finished building: default.size.stdout
Finished building: 019Drivers.list
Finished building: 019Drivers.bin
 
 
 
19:16:42 **** Incremental Build of configuration Debug for project 019Drivers ****
make -j4 all 
arm-none-eabi-size   019Drivers.elf 
   text	   data	    bss	    dec	    hex	filename
   1900	      8	   1568	   3476	    d94	019Drivers.elf
Finished building: default.size.stdout
 
19:17:17 **** Incremental Build of configuration Debug for project 019Drivers ****
make -j4 all 
arm-none-eabi-gcc "../Src/002LEDButton.c" -mcpu=cortex-m4 -std=gnu11 -g3 -DSTM32 -DSTM32F4 -DSTM32F446RETx -DDEBUG -DNUCLEO_F446RE -c -I../Inc -I"C:/Users/idavi/STM32CubeIDE/workspace_1.2.0/019Drivers/drivers/Inc" -O0 -ffunction-sections -fdata-sections -Wall -fstack-usage -MMD -MP -MF"Src/002LEDButton.d" -MT"Src/002LEDButton.o" --specs=nano.specs -mfpu=fpv4-sp-d16 -mfloat-abi=hard -mthumb -o "Src/002LEDButton.o"
arm-none-eabi-gcc -o "019Drivers.elf" @"objects.list"   -mcpu=cortex-m4 -T"C:\Users\idavi\STM32CubeIDE\workspace_1.2.0\019Drivers\STM32F446RETX_FLASH.ld" --specs=nosys.specs -Wl,-Map="019Drivers.map" -Wl,--gc-sections -static --specs=nano.specs -mfpu=fpv4-sp-d16 -mfloat-abi=hard -mthumb -Wl,--start-group -lc -lm -Wl,--end-group
Finished building target: 019Drivers.elf
 
arm-none-eabi-objdump -h -S  019Drivers.elf  > "019Drivers.list"
arm-none-eabi-objcopy  -O binary  019Drivers.elf  "019Drivers.bin"
arm-none-eabi-size   019Drivers.elf 
   text	   data	    bss	    dec	    hex	filename
   1908	      8	   1568	   3484	    d9c	019Drivers.elf
Finished building: default.size.stdout
Finished building: 019Drivers.list
Finished building: 019Drivers.bin
 
 
 
19:18:29 **** Incremental Build of configuration Debug for project 019Drivers ****
make -j4 all 
arm-none-eabi-gcc "../Src/002LEDButton.c" -mcpu=cortex-m4 -std=gnu11 -g3 -DSTM32 -DSTM32F4 -DSTM32F446RETx -DDEBUG -DNUCLEO_F446RE -c -I../Inc -I"C:/Users/idavi/STM32CubeIDE/workspace_1.2.0/019Drivers/drivers/Inc" -O0 -ffunction-sections -fdata-sections -Wall -fstack-usage -MMD -MP -MF"Src/002LEDButton.d" -MT"Src/002LEDButton.o" --specs=nano.specs -mfpu=fpv4-sp-d16 -mfloat-abi=hard -mthumb -o "Src/002LEDButton.o"
arm-none-eabi-gcc -o "019Drivers.elf" @"objects.list"   -mcpu=cortex-m4 -T"C:\Users\idavi\STM32CubeIDE\workspace_1.2.0\019Drivers\STM32F446RETX_FLASH.ld" --specs=nosys.specs -Wl,-Map="019Drivers.map" -Wl,--gc-sections -static --specs=nano.specs -mfpu=fpv4-sp-d16 -mfloat-abi=hard -mthumb -Wl,--start-group -lc -lm -Wl,--end-group
Finished building target: 019Drivers.elf
 
arm-none-eabi-objdump -h -S  019Drivers.elf  > "019Drivers.list"
arm-none-eabi-objcopy  -O binary  019Drivers.elf  "019Drivers.bin"
arm-none-eabi-size   019Drivers.elf 
   text	   data	    bss	    dec	    hex	filename
   1908	      8	   1568	   3484	    d9c	019Drivers.elf
Finished building: default.size.stdout
Finished building: 019Drivers.list
Finished building: 019Drivers.bin
 
 
 
19:19:33 **** Incremental Build of configuration Debug for project 019Drivers ****
make -j4 all 
arm-none-eabi-gcc "../Src/002LEDButton.c" -mcpu=cortex-m4 -std=gnu11 -g3 -DSTM32 -DSTM32F4 -DSTM32F446RETx -DDEBUG -DNUCLEO_F446RE -c -I../Inc -I"C:/Users/idavi/STM32CubeIDE/workspace_1.2.0/019Drivers/drivers/Inc" -O0 -ffunction-sections -fdata-sections -Wall -fstack-usage -MMD -MP -MF"Src/002LEDButton.d" -MT"Src/002LEDButton.o" --specs=nano.specs -mfpu=fpv4-sp-d16 -mfloat-abi=hard -mthumb -o "Src/002LEDButton.o"
arm-none-eabi-gcc -o "019Drivers.elf" @"objects.list"   -mcpu=cortex-m4 -T"C:\Users\idavi\STM32CubeIDE\workspace_1.2.0\019Drivers\STM32F446RETX_FLASH.ld" --specs=nosys.specs -Wl,-Map="019Drivers.map" -Wl,--gc-sections -static --specs=nano.specs -mfpu=fpv4-sp-d16 -mfloat-abi=hard -mthumb -Wl,--start-group -lc -lm -Wl,--end-group
Finished building target: 019Drivers.elf
 
arm-none-eabi-objdump -h -S  019Drivers.elf  > "019Drivers.list"
arm-none-eabi-objcopy  -O binary  019Drivers.elf  "019Drivers.bin"
arm-none-eabi-size   019Drivers.elf 
   text	   data	    bss	    dec	    hex	filename
   1916	      8	   1568	   3492	    da4	019Drivers.elf
Finished building: default.size.stdout
Finished building: 019Drivers.list
Finished building: 019Drivers.bin
 
 
 
19:20:15 **** Incremental Build of configuration Debug for project 019Drivers ****
make -j4 all 
arm-none-eabi-gcc "../Src/002LEDButton.c" -mcpu=cortex-m4 -std=gnu11 -g3 -DSTM32 -DSTM32F4 -DSTM32F446RETx -DDEBUG -DNUCLEO_F446RE -c -I../Inc -I"C:/Users/idavi/STM32CubeIDE/workspace_1.2.0/019Drivers/drivers/Inc" -O0 -ffunction-sections -fdata-sections -Wall -fstack-usage -MMD -MP -MF"Src/002LEDButton.d" -MT"Src/002LEDButton.o" --specs=nano.specs -mfpu=fpv4-sp-d16 -mfloat-abi=hard -mthumb -o "Src/002LEDButton.o"
arm-none-eabi-gcc -o "019Drivers.elf" @"objects.list"   -mcpu=cortex-m4 -T"C:\Users\idavi\STM32CubeIDE\workspace_1.2.0\019Drivers\STM32F446RETX_FLASH.ld" --specs=nosys.specs -Wl,-Map="019Drivers.map" -Wl,--gc-sections -static --specs=nano.specs -mfpu=fpv4-sp-d16 -mfloat-abi=hard -mthumb -Wl,--start-group -lc -lm -Wl,--end-group
Finished building target: 019Drivers.elf
 
arm-none-eabi-objdump -h -S  019Drivers.elf  > "019Drivers.list"
arm-none-eabi-objcopy  -O binary  019Drivers.elf  "019Drivers.bin"
arm-none-eabi-size   019Drivers.elf 
   text	   data	    bss	    dec	    hex	filename
   1908	      8	   1568	   3484	    d9c	019Drivers.elf
Finished building: default.size.stdout
Finished building: 019Drivers.list
Finished building: 019Drivers.bin
 
 
 
19:21:33 **** Incremental Build of configuration Debug for project 019Drivers ****
make -j4 all 
arm-none-eabi-gcc "../Src/002LEDButton.c" -mcpu=cortex-m4 -std=gnu11 -g3 -DSTM32 -DSTM32F4 -DSTM32F446RETx -DDEBUG -DNUCLEO_F446RE -c -I../Inc -I"C:/Users/idavi/STM32CubeIDE/workspace_1.2.0/019Drivers/drivers/Inc" -O0 -ffunction-sections -fdata-sections -Wall -fstack-usage -MMD -MP -MF"Src/002LEDButton.d" -MT"Src/002LEDButton.o" --specs=nano.specs -mfpu=fpv4-sp-d16 -mfloat-abi=hard -mthumb -o "Src/002LEDButton.o"
arm-none-eabi-gcc -o "019Drivers.elf" @"objects.list"   -mcpu=cortex-m4 -T"C:\Users\idavi\STM32CubeIDE\workspace_1.2.0\019Drivers\STM32F446RETX_FLASH.ld" --specs=nosys.specs -Wl,-Map="019Drivers.map" -Wl,--gc-sections -static --specs=nano.specs -mfpu=fpv4-sp-d16 -mfloat-abi=hard -mthumb -Wl,--start-group -lc -lm -Wl,--end-group
Finished building target: 019Drivers.elf
 
arm-none-eabi-objdump -h -S  019Drivers.elf  > "019Drivers.list"
arm-none-eabi-objcopy  -O binary  019Drivers.elf  "019Drivers.bin"
arm-none-eabi-size   019Drivers.elf 
   text	   data	    bss	    dec	    hex	filename
   1904	      8	   1568	   3480	    d98	019Drivers.elf
Finished building: default.size.stdout
Finished building: 019Drivers.bin
Finished building: 019Drivers.list
 
 
 
19:22:40 **** Incremental Build of configuration Debug for project 019Drivers ****
make -j4 all 
arm-none-eabi-gcc "../Src/002LEDButton.c" -mcpu=cortex-m4 -std=gnu11 -g3 -DSTM32 -DSTM32F4 -DSTM32F446RETx -DDEBUG -DNUCLEO_F446RE -c -I../Inc -I"C:/Users/idavi/STM32CubeIDE/workspace_1.2.0/019Drivers/drivers/Inc" -O0 -ffunction-sections -fdata-sections -Wall -fstack-usage -MMD -MP -MF"Src/002LEDButton.d" -MT"Src/002LEDButton.o" --specs=nano.specs -mfpu=fpv4-sp-d16 -mfloat-abi=hard -mthumb -o "Src/002LEDButton.o"
arm-none-eabi-gcc -o "019Drivers.elf" @"objects.list"   -mcpu=cortex-m4 -T"C:\Users\idavi\STM32CubeIDE\workspace_1.2.0\019Drivers\STM32F446RETX_FLASH.ld" --specs=nosys.specs -Wl,-Map="019Drivers.map" -Wl,--gc-sections -static --specs=nano.specs -mfpu=fpv4-sp-d16 -mfloat-abi=hard -mthumb -Wl,--start-group -lc -lm -Wl,--end-group
Finished building target: 019Drivers.elf
 
arm-none-eabi-objdump -h -S  019Drivers.elf  > "019Drivers.list"
arm-none-eabi-objcopy  -O binary  019Drivers.elf  "019Drivers.bin"
arm-none-eabi-size   019Drivers.elf 
   text	   data	    bss	    dec	    hex	filename
   1904	      8	   1568	   3480	    d98	019Drivers.elf
Finished building: default.size.stdout
Finished building: 019Drivers.list
Finished building: 019Drivers.bin
 
 
 
20:03:40 **** Incremental Build of configuration Debug for project 019Drivers ****
make -j4 all 
arm-none-eabi-gcc "../Src/002LEDButton.c" -mcpu=cortex-m4 -std=gnu11 -g3 -DSTM32 -DSTM32F4 -DSTM32F446RETx -DDEBUG -DNUCLEO_F446RE -c -I../Inc -I"C:/Users/idavi/STM32CubeIDE/workspace_1.2.0/019Drivers/drivers/Inc" -O0 -ffunction-sections -fdata-sections -Wall -fstack-usage -MMD -MP -MF"Src/002LEDButton.d" -MT"Src/002LEDButton.o" --specs=nano.specs -mfpu=fpv4-sp-d16 -mfloat-abi=hard -mthumb -o "Src/002LEDButton.o"
arm-none-eabi-gcc -o "019Drivers.elf" @"objects.list"   -mcpu=cortex-m4 -T"C:\Users\idavi\STM32CubeIDE\workspace_1.2.0\019Drivers\STM32F446RETX_FLASH.ld" --specs=nosys.specs -Wl,-Map="019Drivers.map" -Wl,--gc-sections -static --specs=nano.specs -mfpu=fpv4-sp-d16 -mfloat-abi=hard -mthumb -Wl,--start-group -lc -lm -Wl,--end-group
Finished building target: 019Drivers.elf
 
arm-none-eabi-objdump -h -S  019Drivers.elf  > "019Drivers.list"
arm-none-eabi-objcopy  -O binary  019Drivers.elf  "019Drivers.bin"
arm-none-eabi-size   019Drivers.elf 
   text	   data	    bss	    dec	    hex	filename
   1820	      8	   1568	   3396	    d44	019Drivers.elf
Finished building: default.size.stdout
Finished building: 019Drivers.bin
Finished building: 019Drivers.list
 
 
 
20:04:01 **** Incremental Build of configuration Debug for project 019Drivers ****
make -j4 all 
arm-none-eabi-gcc "../Src/002LEDButton.c" -mcpu=cortex-m4 -std=gnu11 -g3 -DSTM32 -DSTM32F4 -DSTM32F446RETx -DDEBUG -DNUCLEO_F446RE -c -I../Inc -I"C:/Users/idavi/STM32CubeIDE/workspace_1.2.0/019Drivers/drivers/Inc" -O0 -ffunction-sections -fdata-sections -Wall -fstack-usage -MMD -MP -MF"Src/002LEDButton.d" -MT"Src/002LEDButton.o" --specs=nano.specs -mfpu=fpv4-sp-d16 -mfloat-abi=hard -mthumb -o "Src/002LEDButton.o"
arm-none-eabi-gcc -o "019Drivers.elf" @"objects.list"   -mcpu=cortex-m4 -T"C:\Users\idavi\STM32CubeIDE\workspace_1.2.0\019Drivers\STM32F446RETX_FLASH.ld" --specs=nosys.specs -Wl,-Map="019Drivers.map" -Wl,--gc-sections -static --specs=nano.specs -mfpu=fpv4-sp-d16 -mfloat-abi=hard -mthumb -Wl,--start-group -lc -lm -Wl,--end-group
Finished building target: 019Drivers.elf
 
arm-none-eabi-objdump -h -S  019Drivers.elf  > "019Drivers.list"
arm-none-eabi-objcopy  -O binary  019Drivers.elf  "019Drivers.bin"
arm-none-eabi-size   019Drivers.elf 
   text	   data	    bss	    dec	    hex	filename
   1820	      8	   1568	   3396	    d44	019Drivers.elf
Finished building: default.size.stdout
Finished building: 019Drivers.list
Finished building: 019Drivers.bin
 
 
 
20:38:11 **** Incremental Build of configuration Debug for project 019Drivers ****
make -j4 all 
arm-none-eabi-gcc "../Src/002LEDButton.c" -mcpu=cortex-m4 -std=gnu11 -g3 -DSTM32 -DSTM32F4 -DSTM32F446RETx -DDEBUG -DNUCLEO_F446RE -c -I../Inc -I"C:/Users/idavi/STM32CubeIDE/workspace_1.2.0/019Drivers/drivers/Inc" -O0 -ffunction-sections -fdata-sections -Wall -fstack-usage -MMD -MP -MF"Src/002LEDButton.d" -MT"Src/002LEDButton.o" --specs=nano.specs -mfpu=fpv4-sp-d16 -mfloat-abi=hard -mthumb -o "Src/002LEDButton.o"
arm-none-eabi-gcc -o "019Drivers.elf" @"objects.list"   -mcpu=cortex-m4 -T"C:\Users\idavi\STM32CubeIDE\workspace_1.2.0\019Drivers\STM32F446RETX_FLASH.ld" --specs=nosys.specs -Wl,-Map="019Drivers.map" -Wl,--gc-sections -static --specs=nano.specs -mfpu=fpv4-sp-d16 -mfloat-abi=hard -mthumb -Wl,--start-group -lc -lm -Wl,--end-group
Finished building target: 019Drivers.elf
 
arm-none-eabi-objdump -h -S  019Drivers.elf  > "019Drivers.list"
arm-none-eabi-objcopy  -O binary  019Drivers.elf  "019Drivers.bin"
arm-none-eabi-size   019Drivers.elf 
   text	   data	    bss	    dec	    hex	filename
   1820	      8	   1568	   3396	    d44	019Drivers.elf
Finished building: default.size.stdout
Finished building: 019Drivers.list
 
Finished building: 019Drivers.bin
 
 
21:09:48 **** Incremental Build of configuration Debug for project 019Drivers ****
make -j4 all 
arm-none-eabi-gcc "../Src/002LEDButton.c" -mcpu=cortex-m4 -std=gnu11 -g3 -DSTM32 -DSTM32F4 -DSTM32F446RETx -DDEBUG -DNUCLEO_F446RE -c -I../Inc -I"C:/Users/idavi/STM32CubeIDE/workspace_1.2.0/019Drivers/drivers/Inc" -O0 -ffunction-sections -fdata-sections -Wall -fstack-usage -MMD -MP -MF"Src/002LEDButton.d" -MT"Src/002LEDButton.o" --specs=nano.specs -mfpu=fpv4-sp-d16 -mfloat-abi=hard -mthumb -o "Src/002LEDButton.o"
arm-none-eabi-gcc -o "019Drivers.elf" @"objects.list"   -mcpu=cortex-m4 -T"C:\Users\idavi\STM32CubeIDE\workspace_1.2.0\019Drivers\STM32F446RETX_FLASH.ld" --specs=nosys.specs -Wl,-Map="019Drivers.map" -Wl,--gc-sections -static --specs=nano.specs -mfpu=fpv4-sp-d16 -mfloat-abi=hard -mthumb -Wl,--start-group -lc -lm -Wl,--end-group
Finished building target: 019Drivers.elf
 
arm-none-eabi-objdump -h -S  019Drivers.elf  > "019Drivers.list"
arm-none-eabi-objcopy  -O binary  019Drivers.elf  "019Drivers.bin"
arm-none-eabi-size   019Drivers.elf 
   text	   data	    bss	    dec	    hex	filename
   1824	      8	   1568	   3400	    d48	019Drivers.elf
Finished building: default.size.stdout
Finished building: 019Drivers.list
Finished building: 019Drivers.bin
 
 
 
21:10:28 **** Incremental Build of configuration Debug for project 019Drivers ****
make -j4 all 
arm-none-eabi-gcc "../Src/002LEDButton.c" -mcpu=cortex-m4 -std=gnu11 -g3 -DSTM32 -DSTM32F4 -DSTM32F446RETx -DDEBUG -DNUCLEO_F446RE -c -I../Inc -I"C:/Users/idavi/STM32CubeIDE/workspace_1.2.0/019Drivers/drivers/Inc" -O0 -ffunction-sections -fdata-sections -Wall -fstack-usage -MMD -MP -MF"Src/002LEDButton.d" -MT"Src/002LEDButton.o" --specs=nano.specs -mfpu=fpv4-sp-d16 -mfloat-abi=hard -mthumb -o "Src/002LEDButton.o"
arm-none-eabi-gcc -o "019Drivers.elf" @"objects.list"   -mcpu=cortex-m4 -T"C:\Users\idavi\STM32CubeIDE\workspace_1.2.0\019Drivers\STM32F446RETX_FLASH.ld" --specs=nosys.specs -Wl,-Map="019Drivers.map" -Wl,--gc-sections -static --specs=nano.specs -mfpu=fpv4-sp-d16 -mfloat-abi=hard -mthumb -Wl,--start-group -lc -lm -Wl,--end-group
Finished building target: 019Drivers.elf
 
arm-none-eabi-objdump -h -S  019Drivers.elf  > "019Drivers.list"
arm-none-eabi-objcopy  -O binary  019Drivers.elf  "019Drivers.bin"
arm-none-eabi-size   019Drivers.elf 
   text	   data	    bss	    dec	    hex	filename
   1820	      8	   1568	   3396	    d44	019Drivers.elf
Finished building: default.size.stdout
Finished building: 019Drivers.list
Finished building: 019Drivers.bin
 
 
 
21:11:44 **** Incremental Build of configuration Debug for project 019Drivers ****
make -j4 all 
arm-none-eabi-gcc "../Src/002LEDButton.c" -mcpu=cortex-m4 -std=gnu11 -g3 -DSTM32 -DSTM32F4 -DSTM32F446RETx -DDEBUG -DNUCLEO_F446RE -c -I../Inc -I"C:/Users/idavi/STM32CubeIDE/workspace_1.2.0/019Drivers/drivers/Inc" -O0 -ffunction-sections -fdata-sections -Wall -fstack-usage -MMD -MP -MF"Src/002LEDButton.d" -MT"Src/002LEDButton.o" --specs=nano.specs -mfpu=fpv4-sp-d16 -mfloat-abi=hard -mthumb -o "Src/002LEDButton.o"
arm-none-eabi-gcc -o "019Drivers.elf" @"objects.list"   -mcpu=cortex-m4 -T"C:\Users\idavi\STM32CubeIDE\workspace_1.2.0\019Drivers\STM32F446RETX_FLASH.ld" --specs=nosys.specs -Wl,-Map="019Drivers.map" -Wl,--gc-sections -static --specs=nano.specs -mfpu=fpv4-sp-d16 -mfloat-abi=hard -mthumb -Wl,--start-group -lc -lm -Wl,--end-group
Finished building target: 019Drivers.elf
 
arm-none-eabi-objdump -h -S  019Drivers.elf  > "019Drivers.list"
arm-none-eabi-objcopy  -O binary  019Drivers.elf  "019Drivers.bin"
arm-none-eabi-size   019Drivers.elf 
   text	   data	    bss	    dec	    hex	filename
   1904	      8	   1568	   3480	    d98	019Drivers.elf
Finished building: default.size.stdout
Finished building: 019Drivers.list
 
Finished building: 019Drivers.bin
 
 
21:14:23 **** Incremental Build of configuration Debug for project 019Drivers ****
make -j4 all 
arm-none-eabi-size   019Drivers.elf 
   text	   data	    bss	    dec	    hex	filename
   1904	      8	   1568	   3480	    d98	019Drivers.elf
Finished building: default.size.stdout
 
21:23:53 **** Incremental Build of configuration Debug for project 019Drivers ****
make -j4 all 
arm-none-eabi-gcc "../drivers/Src/019Drivers_gpio_driver.c" -mcpu=cortex-m4 -std=gnu11 -g3 -DSTM32 -DSTM32F4 -DSTM32F446RETx -DDEBUG -DNUCLEO_F446RE -c -I../Inc -I"C:/Users/idavi/STM32CubeIDE/workspace_1.2.0/019Drivers/drivers/Inc" -O0 -ffunction-sections -fdata-sections -Wall -fstack-usage -MMD -MP -MF"drivers/Src/019Drivers_gpio_driver.d" -MT"drivers/Src/019Drivers_gpio_driver.o" --specs=nano.specs -mfpu=fpv4-sp-d16 -mfloat-abi=hard -mthumb -o "drivers/Src/019Drivers_gpio_driver.o"
arm-none-eabi-gcc "../Src/002LEDButton.c" -mcpu=cortex-m4 -std=gnu11 -g3 -DSTM32 -DSTM32F4 -DSTM32F446RETx -DDEBUG -DNUCLEO_F446RE -c -I../Inc -I"C:/Users/idavi/STM32CubeIDE/workspace_1.2.0/019Drivers/drivers/Inc" -O0 -ffunction-sections -fdata-sections -Wall -fstack-usage -MMD -MP -MF"Src/002LEDButton.d" -MT"Src/002LEDButton.o" --specs=nano.specs -mfpu=fpv4-sp-d16 -mfloat-abi=hard -mthumb -o "Src/002LEDButton.o"
arm-none-eabi-gcc -o "019Drivers.elf" @"objects.list"   -mcpu=cortex-m4 -T"C:\Users\idavi\STM32CubeIDE\workspace_1.2.0\019Drivers\STM32F446RETX_FLASH.ld" --specs=nosys.specs -Wl,-Map="019Drivers.map" -Wl,--gc-sections -static --specs=nano.specs -mfpu=fpv4-sp-d16 -mfloat-abi=hard -mthumb -Wl,--start-group -lc -lm -Wl,--end-group
Finished building target: 019Drivers.elf
 
arm-none-eabi-objdump -h -S  019Drivers.elf  > "019Drivers.list"
arm-none-eabi-objcopy  -O binary  019Drivers.elf  "019Drivers.bin"
arm-none-eabi-size   019Drivers.elf 
   text	   data	    bss	    dec	    hex	filename
   1908	      8	   1568	   3484	    d9c	019Drivers.elf
Finished building: default.size.stdout
Finished building: 019Drivers.bin
Finished building: 019Drivers.list
 
 
 
21:24:52 **** Incremental Build of configuration Debug for project 019Drivers ****
make -j4 all 
arm-none-eabi-size   019Drivers.elf 
   text	   data	    bss	    dec	    hex	filename
   1908	      8	   1568	   3484	    d9c	019Drivers.elf
Finished building: default.size.stdout
 
21:24:55 **** Incremental Build of configuration Debug for project 019Drivers ****
make -j4 all 
arm-none-eabi-size   019Drivers.elf 
   text	   data	    bss	    dec	    hex	filename
   1908	      8	   1568	   3484	    d9c	019Drivers.elf
Finished building: default.size.stdout
 
21:25:57 **** Incremental Build of configuration Debug for project 019Drivers ****
make -j4 all 
arm-none-eabi-size   019Drivers.elf 
   text	   data	    bss	    dec	    hex	filename
   1908	      8	   1568	   3484	    d9c	019Drivers.elf
Finished building: default.size.stdout
 
21:26:46 **** Incremental Build of configuration Debug for project 019Drivers ****
make -j4 all 
arm-none-eabi-gcc "../Src/002LEDButton.c" -mcpu=cortex-m4 -std=gnu11 -g3 -DSTM32 -DSTM32F4 -DSTM32F446RETx -DDEBUG -DNUCLEO_F446RE -c -I../Inc -I"C:/Users/idavi/STM32CubeIDE/workspace_1.2.0/019Drivers/drivers/Inc" -O0 -ffunction-sections -fdata-sections -Wall -fstack-usage -MMD -MP -MF"Src/002LEDButton.d" -MT"Src/002LEDButton.o" --specs=nano.specs -mfpu=fpv4-sp-d16 -mfloat-abi=hard -mthumb -o "Src/002LEDButton.o"
arm-none-eabi-gcc -o "019Drivers.elf" @"objects.list"   -mcpu=cortex-m4 -T"C:\Users\idavi\STM32CubeIDE\workspace_1.2.0\019Drivers\STM32F446RETX_FLASH.ld" --specs=nosys.specs -Wl,-Map="019Drivers.map" -Wl,--gc-sections -static --specs=nano.specs -mfpu=fpv4-sp-d16 -mfloat-abi=hard -mthumb -Wl,--start-group -lc -lm -Wl,--end-group
Finished building target: 019Drivers.elf
 
arm-none-eabi-objdump -h -S  019Drivers.elf  > "019Drivers.list"
arm-none-eabi-objcopy  -O binary  019Drivers.elf  "019Drivers.bin"
arm-none-eabi-size   019Drivers.elf 
   text	   data	    bss	    dec	    hex	filename
   1908	      8	   1568	   3484	    d9c	019Drivers.elf
Finished building: default.size.stdout
Finished building: 019Drivers.list
Finished building: 019Drivers.bin
 
 
 
21:30:06 **** Incremental Build of configuration Debug for project 019Drivers ****
make -j4 all 
arm-none-eabi-gcc "../Src/002LEDButton.c" -mcpu=cortex-m4 -std=gnu11 -g3 -DSTM32 -DSTM32F4 -DSTM32F446RETx -DDEBUG -DNUCLEO_F446RE -c -I../Inc -I"C:/Users/idavi/STM32CubeIDE/workspace_1.2.0/019Drivers/drivers/Inc" -O0 -ffunction-sections -fdata-sections -Wall -fstack-usage -MMD -MP -MF"Src/002LEDButton.d" -MT"Src/002LEDButton.o" --specs=nano.specs -mfpu=fpv4-sp-d16 -mfloat-abi=hard -mthumb -o "Src/002LEDButton.o"
arm-none-eabi-gcc -o "019Drivers.elf" @"objects.list"   -mcpu=cortex-m4 -T"C:\Users\idavi\STM32CubeIDE\workspace_1.2.0\019Drivers\STM32F446RETX_FLASH.ld" --specs=nosys.specs -Wl,-Map="019Drivers.map" -Wl,--gc-sections -static --specs=nano.specs -mfpu=fpv4-sp-d16 -mfloat-abi=hard -mthumb -Wl,--start-group -lc -lm -Wl,--end-group
Finished building target: 019Drivers.elf
 
arm-none-eabi-objdump -h -S  019Drivers.elf  > "019Drivers.list"
arm-none-eabi-objcopy  -O binary  019Drivers.elf  "019Drivers.bin"
arm-none-eabi-size   019Drivers.elf 
   text	   data	    bss	    dec	    hex	filename
   1908	      8	   1568	   3484	    d9c	019Drivers.elf
Finished building: default.size.stdout
Finished building: 019Drivers.list
Finished building: 019Drivers.bin
 
 
 
21:31:35 **** Incremental Build of configuration Debug for project 019Drivers ****
make -j4 all 
arm-none-eabi-gcc "../Src/002LEDButton.c" -mcpu=cortex-m4 -std=gnu11 -g3 -DSTM32 -DSTM32F4 -DSTM32F446RETx -DDEBUG -DNUCLEO_F446RE -c -I../Inc -I"C:/Users/idavi/STM32CubeIDE/workspace_1.2.0/019Drivers/drivers/Inc" -O0 -ffunction-sections -fdata-sections -Wall -fstack-usage -MMD -MP -MF"Src/002LEDButton.d" -MT"Src/002LEDButton.o" --specs=nano.specs -mfpu=fpv4-sp-d16 -mfloat-abi=hard -mthumb -o "Src/002LEDButton.o"
../Src/002LEDButton.c: In function 'main':
../Src/002LEDButton.c:53:3: warning: this 'else' clause does not guard... [-Wmisleading-indentation]
   else
   ^~~~
../Src/002LEDButton.c:56:4: note: ...this statement, but the latter is misleadingly indented as if it were guarded by the 'else'
    delay();
    ^~~~~
arm-none-eabi-gcc -o "019Drivers.elf" @"objects.list"   -mcpu=cortex-m4 -T"C:\Users\idavi\STM32CubeIDE\workspace_1.2.0\019Drivers\STM32F446RETX_FLASH.ld" --specs=nosys.specs -Wl,-Map="019Drivers.map" -Wl,--gc-sections -static --specs=nano.specs -mfpu=fpv4-sp-d16 -mfloat-abi=hard -mthumb -Wl,--start-group -lc -lm -Wl,--end-group
Finished building target: 019Drivers.elf
 
arm-none-eabi-objdump -h -S  019Drivers.elf  > "019Drivers.list"
arm-none-eabi-objcopy  -O binary  019Drivers.elf  "019Drivers.bin"
arm-none-eabi-size   019Drivers.elf 
   text	   data	    bss	    dec	    hex	filename
   1840	      8	   1568	   3416	    d58	019Drivers.elf
Finished building: default.size.stdout
Finished building: 019Drivers.list
Finished building: 019Drivers.bin
 
 
 
21:32:17 **** Incremental Build of configuration Debug for project 019Drivers ****
make -j4 all 
arm-none-eabi-gcc "../Src/002LEDButton.c" -mcpu=cortex-m4 -std=gnu11 -g3 -DSTM32 -DSTM32F4 -DSTM32F446RETx -DDEBUG -DNUCLEO_F446RE -c -I../Inc -I"C:/Users/idavi/STM32CubeIDE/workspace_1.2.0/019Drivers/drivers/Inc" -O0 -ffunction-sections -fdata-sections -Wall -fstack-usage -MMD -MP -MF"Src/002LEDButton.d" -MT"Src/002LEDButton.o" --specs=nano.specs -mfpu=fpv4-sp-d16 -mfloat-abi=hard -mthumb -o "Src/002LEDButton.o"
arm-none-eabi-gcc -o "019Drivers.elf" @"objects.list"   -mcpu=cortex-m4 -T"C:\Users\idavi\STM32CubeIDE\workspace_1.2.0\019Drivers\STM32F446RETX_FLASH.ld" --specs=nosys.specs -Wl,-Map="019Drivers.map" -Wl,--gc-sections -static --specs=nano.specs -mfpu=fpv4-sp-d16 -mfloat-abi=hard -mthumb -Wl,--start-group -lc -lm -Wl,--end-group
Finished building target: 019Drivers.elf
 
arm-none-eabi-objdump -h -S  019Drivers.elf  > "019Drivers.list"
arm-none-eabi-objcopy  -O binary  019Drivers.elf  "019Drivers.bin"
arm-none-eabi-size   019Drivers.elf 
   text	   data	    bss	    dec	    hex	filename
   1840	      8	   1568	   3416	    d58	019Drivers.elf
Finished building: default.size.stdout
Finished building: 019Drivers.list
Finished building: 019Drivers.bin
 
 
 
21:33:05 **** Incremental Build of configuration Debug for project 019Drivers ****
make -j4 all 
arm-none-eabi-gcc "../Src/002LEDButton.c" -mcpu=cortex-m4 -std=gnu11 -g3 -DSTM32 -DSTM32F4 -DSTM32F446RETx -DDEBUG -DNUCLEO_F446RE -c -I../Inc -I"C:/Users/idavi/STM32CubeIDE/workspace_1.2.0/019Drivers/drivers/Inc" -O0 -ffunction-sections -fdata-sections -Wall -fstack-usage -MMD -MP -MF"Src/002LEDButton.d" -MT"Src/002LEDButton.o" --specs=nano.specs -mfpu=fpv4-sp-d16 -mfloat-abi=hard -mthumb -o "Src/002LEDButton.o"
arm-none-eabi-gcc -o "019Drivers.elf" @"objects.list"   -mcpu=cortex-m4 -T"C:\Users\idavi\STM32CubeIDE\workspace_1.2.0\019Drivers\STM32F446RETX_FLASH.ld" --specs=nosys.specs -Wl,-Map="019Drivers.map" -Wl,--gc-sections -static --specs=nano.specs -mfpu=fpv4-sp-d16 -mfloat-abi=hard -mthumb -Wl,--start-group -lc -lm -Wl,--end-group
Finished building target: 019Drivers.elf
 
arm-none-eabi-objdump -h -S  019Drivers.elf  > "019Drivers.list"
arm-none-eabi-objcopy  -O binary  019Drivers.elf  "019Drivers.bin"
arm-none-eabi-size   019Drivers.elf 
   text	   data	    bss	    dec	    hex	filename
   1792	      8	   1568	   3368	    d28	019Drivers.elf
Finished building: default.size.stdout
Finished building: 019Drivers.list
Finished building: 019Drivers.bin
 
 
 
21:33:43 **** Incremental Build of configuration Debug for project 019Drivers ****
make -j4 all 
arm-none-eabi-gcc "../Src/002LEDButton.c" -mcpu=cortex-m4 -std=gnu11 -g3 -DSTM32 -DSTM32F4 -DSTM32F446RETx -DDEBUG -DNUCLEO_F446RE -c -I../Inc -I"C:/Users/idavi/STM32CubeIDE/workspace_1.2.0/019Drivers/drivers/Inc" -O0 -ffunction-sections -fdata-sections -Wall -fstack-usage -MMD -MP -MF"Src/002LEDButton.d" -MT"Src/002LEDButton.o" --specs=nano.specs -mfpu=fpv4-sp-d16 -mfloat-abi=hard -mthumb -o "Src/002LEDButton.o"
arm-none-eabi-gcc -o "019Drivers.elf" @"objects.list"   -mcpu=cortex-m4 -T"C:\Users\idavi\STM32CubeIDE\workspace_1.2.0\019Drivers\STM32F446RETX_FLASH.ld" --specs=nosys.specs -Wl,-Map="019Drivers.map" -Wl,--gc-sections -static --specs=nano.specs -mfpu=fpv4-sp-d16 -mfloat-abi=hard -mthumb -Wl,--start-group -lc -lm -Wl,--end-group
Finished building target: 019Drivers.elf
 
arm-none-eabi-objdump -h -S  019Drivers.elf  > "019Drivers.list"
arm-none-eabi-objcopy  -O binary  019Drivers.elf  "019Drivers.bin"
arm-none-eabi-size   019Drivers.elf 
   text	   data	    bss	    dec	    hex	filename
   1864	      8	   1568	   3440	    d70	019Drivers.elf
Finished building: default.size.stdout
Finished building: 019Drivers.list
Finished building: 019Drivers.bin
 
 
 
21:34:30 **** Incremental Build of configuration Debug for project 019Drivers ****
make -j4 all 
arm-none-eabi-size   019Drivers.elf 
   text	   data	    bss	    dec	    hex	filename
   1864	      8	   1568	   3440	    d70	019Drivers.elf
Finished building: default.size.stdout
 
21:38:00 **** Incremental Build of configuration Debug for project 019Drivers ****
make -j4 all 
arm-none-eabi-gcc "../drivers/Src/019Drivers_gpio_driver.c" -mcpu=cortex-m4 -std=gnu11 -g3 -DSTM32 -DSTM32F4 -DSTM32F446RETx -DDEBUG -DNUCLEO_F446RE -c -I../Inc -I"C:/Users/idavi/STM32CubeIDE/workspace_1.2.0/019Drivers/drivers/Inc" -O0 -ffunction-sections -fdata-sections -Wall -fstack-usage -MMD -MP -MF"drivers/Src/019Drivers_gpio_driver.d" -MT"drivers/Src/019Drivers_gpio_driver.o" --specs=nano.specs -mfpu=fpv4-sp-d16 -mfloat-abi=hard -mthumb -o "drivers/Src/019Drivers_gpio_driver.o"
arm-none-eabi-gcc -o "019Drivers.elf" @"objects.list"   -mcpu=cortex-m4 -T"C:\Users\idavi\STM32CubeIDE\workspace_1.2.0\019Drivers\STM32F446RETX_FLASH.ld" --specs=nosys.specs -Wl,-Map="019Drivers.map" -Wl,--gc-sections -static --specs=nano.specs -mfpu=fpv4-sp-d16 -mfloat-abi=hard -mthumb -Wl,--start-group -lc -lm -Wl,--end-group
Finished building target: 019Drivers.elf
 
arm-none-eabi-objdump -h -S  019Drivers.elf  > "019Drivers.list"
arm-none-eabi-objcopy  -O binary  019Drivers.elf  "019Drivers.bin"
arm-none-eabi-size   019Drivers.elf 
   text	   data	    bss	    dec	    hex	filename
   1872	      8	   1568	   3448	    d78	019Drivers.elf
Finished building: default.size.stdout
Finished building: 019Drivers.list
Finished building: 019Drivers.bin
 
 
 
21:41:21 **** Incremental Build of configuration Debug for project 019Drivers ****
make -j4 all 
arm-none-eabi-gcc "../drivers/Src/019Drivers_gpio_driver.c" -mcpu=cortex-m4 -std=gnu11 -g3 -DSTM32 -DSTM32F4 -DSTM32F446RETx -DDEBUG -DNUCLEO_F446RE -c -I../Inc -I"C:/Users/idavi/STM32CubeIDE/workspace_1.2.0/019Drivers/drivers/Inc" -O0 -ffunction-sections -fdata-sections -Wall -fstack-usage -MMD -MP -MF"drivers/Src/019Drivers_gpio_driver.d" -MT"drivers/Src/019Drivers_gpio_driver.o" --specs=nano.specs -mfpu=fpv4-sp-d16 -mfloat-abi=hard -mthumb -o "drivers/Src/019Drivers_gpio_driver.o"
arm-none-eabi-gcc -o "019Drivers.elf" @"objects.list"   -mcpu=cortex-m4 -T"C:\Users\idavi\STM32CubeIDE\workspace_1.2.0\019Drivers\STM32F446RETX_FLASH.ld" --specs=nosys.specs -Wl,-Map="019Drivers.map" -Wl,--gc-sections -static --specs=nano.specs -mfpu=fpv4-sp-d16 -mfloat-abi=hard -mthumb -Wl,--start-group -lc -lm -Wl,--end-group
Finished building target: 019Drivers.elf
 
arm-none-eabi-objdump -h -S  019Drivers.elf  > "019Drivers.list"
arm-none-eabi-objcopy  -O binary  019Drivers.elf  "019Drivers.bin"
arm-none-eabi-size   019Drivers.elf 
   text	   data	    bss	    dec	    hex	filename
   1880	      8	   1568	   3456	    d80	019Drivers.elf
Finished building: default.size.stdout
Finished building: 019Drivers.list
 
Finished building: 019Drivers.bin
 
 
21:43:12 **** Incremental Build of configuration Debug for project 019Drivers ****
make -j4 all 
arm-none-eabi-gcc "../Src/002LEDButton.c" -mcpu=cortex-m4 -std=gnu11 -g3 -DSTM32 -DSTM32F4 -DSTM32F446RETx -DDEBUG -DNUCLEO_F446RE -c -I../Inc -I"C:/Users/idavi/STM32CubeIDE/workspace_1.2.0/019Drivers/drivers/Inc" -O0 -ffunction-sections -fdata-sections -Wall -fstack-usage -MMD -MP -MF"Src/002LEDButton.d" -MT"Src/002LEDButton.o" --specs=nano.specs -mfpu=fpv4-sp-d16 -mfloat-abi=hard -mthumb -o "Src/002LEDButton.o"
../Src/002LEDButton.c: In function 'main':
../Src/002LEDButton.c:46:11: warning: unused variable 'pinValue' [-Wunused-variable]
  uint32_t pinValue;
           ^~~~~~~~
../Src/002LEDButton.c:16:25: warning: unused variable 'gpioBTN' [-Wunused-variable]
  GPIO_Handle_t gpioLED, gpioBTN;
                         ^~~~~~~
arm-none-eabi-gcc -o "019Drivers.elf" @"objects.list"   -mcpu=cortex-m4 -T"C:\Users\idavi\STM32CubeIDE\workspace_1.2.0\019Drivers\STM32F446RETX_FLASH.ld" --specs=nosys.specs -Wl,-Map="019Drivers.map" -Wl,--gc-sections -static --specs=nano.specs -mfpu=fpv4-sp-d16 -mfloat-abi=hard -mthumb -Wl,--start-group -lc -lm -Wl,--end-group
Finished building target: 019Drivers.elf
 
arm-none-eabi-objdump -h -S  019Drivers.elf  > "019Drivers.list"
arm-none-eabi-objcopy  -O binary  019Drivers.elf  "019Drivers.bin"
arm-none-eabi-size   019Drivers.elf 
   text	   data	    bss	    dec	    hex	filename
   1732	      8	   1568	   3308	    cec	019Drivers.elf
Finished building: default.size.stdout
Finished building: 019Drivers.list
Finished building: 019Drivers.bin
 
 
 
21:45:26 **** Clean-only build of configuration Debug for project 019Drivers ****
make -j4 clean 
rm -rf *
rm: can't remove '019Drivers.elf': Permission denied
make: [makefile:65: clean] Error 1 (ignored)
 
21:45:46 **** Build of configuration Debug for project 019Drivers ****
make -j4 all 
arm-none-eabi-gcc "../drivers/Src/019Drivers_gpio_driver.c" -mcpu=cortex-m4 -std=gnu11 -g3 -DSTM32 -DSTM32F4 -DSTM32F446RETx -DDEBUG -DNUCLEO_F446RE -c -I../Inc -I"C:/Users/idavi/STM32CubeIDE/workspace_1.2.0/019Drivers/drivers/Inc" -O0 -ffunction-sections -fdata-sections -Wall -fstack-usage -MMD -MP -MF"drivers/Src/019Drivers_gpio_driver.d" -MT"drivers/Src/019Drivers_gpio_driver.o" --specs=nano.specs -mfpu=fpv4-sp-d16 -mfloat-abi=hard -mthumb -o "drivers/Src/019Drivers_gpio_driver.o"
arm-none-eabi-gcc -mcpu=cortex-m4 -g3 -c -x assembler-with-cpp --specs=nano.specs -mfpu=fpv4-sp-d16 -mfloat-abi=hard -mthumb -o "Startup/startup_stm32f446retx.o" "../Startup/startup_stm32f446retx.s"
arm-none-eabi-gcc "../Src/002LEDButton.c" -mcpu=cortex-m4 -std=gnu11 -g3 -DSTM32 -DSTM32F4 -DSTM32F446RETx -DDEBUG -DNUCLEO_F446RE -c -I../Inc -I"C:/Users/idavi/STM32CubeIDE/workspace_1.2.0/019Drivers/drivers/Inc" -O0 -ffunction-sections -fdata-sections -Wall -fstack-usage -MMD -MP -MF"Src/002LEDButton.d" -MT"Src/002LEDButton.o" --specs=nano.specs -mfpu=fpv4-sp-d16 -mfloat-abi=hard -mthumb -o "Src/002LEDButton.o"
arm-none-eabi-gcc "../Src/syscalls.c" -mcpu=cortex-m4 -std=gnu11 -g3 -DSTM32 -DSTM32F4 -DSTM32F446RETx -DDEBUG -DNUCLEO_F446RE -c -I../Inc -I"C:/Users/idavi/STM32CubeIDE/workspace_1.2.0/019Drivers/drivers/Inc" -O0 -ffunction-sections -fdata-sections -Wall -fstack-usage -MMD -MP -MF"Src/syscalls.d" -MT"Src/syscalls.o" --specs=nano.specs -mfpu=fpv4-sp-d16 -mfloat-abi=hard -mthumb -o "Src/syscalls.o"
arm-none-eabi-gcc "../Src/sysmem.c" -mcpu=cortex-m4 -std=gnu11 -g3 -DSTM32 -DSTM32F4 -DSTM32F446RETx -DDEBUG -DNUCLEO_F446RE -c -I../Inc -I"C:/Users/idavi/STM32CubeIDE/workspace_1.2.0/019Drivers/drivers/Inc" -O0 -ffunction-sections -fdata-sections -Wall -fstack-usage -MMD -MP -MF"Src/sysmem.d" -MT"Src/sysmem.o" --specs=nano.specs -mfpu=fpv4-sp-d16 -mfloat-abi=hard -mthumb -o "Src/sysmem.o"
[...]
../drivers/Src/019Drivers_i2c_driver.c:494:53: error: 'NO_PR_BITS_IMPLEMENTED' undeclared (first use in this function); did you mean 'NO_PR_BITS_IMPL'?
  uint8_t shift_amount = ( 8 * iprx_section) + ( 8 - NO_PR_BITS_IMPLEMENTED) ;
                                                     ^~~~~~~~~~~~~~~~~~~~~~
                                                     NO_PR_BITS_IMPL
../drivers/Src/019Drivers_i2c_driver.c:494:53: note: each undeclared identifier is reported only once for each function it appears in
../drivers/Src/019Drivers_i2c_driver.c:496:6: error: 'NVIC_PR_BASE_ADDR' undeclared (first use in this function); did you mean 'NVIC_PR_BASEADDR'?
  *(  NVIC_PR_BASE_ADDR + iprx ) |=  ( IRQPriority << shift_amount );
      ^~~~~~~~~~~~~~~~~
      NVIC_PR_BASEADDR
../drivers/Src/019Drivers_i2c_driver.c: In function 'I2C_CloseReceiveData':
../drivers/Src/019Drivers_i2c_driver.c:654:26: error: 'NULL' undeclared (first use in this function)
  pI2CHandle->pRxBuffer = NULL;
                          ^~~~
../drivers/Src/019Drivers_i2c_driver.c: In function 'I2C_CloseSendData':
../drivers/Src/019Drivers_i2c_driver.c:675:26: error: 'NULL' undeclared (first use in this function)
  pI2CHandle->pTxBuffer = NULL;
                          ^~~~
arm-none-eabi-gcc "../Src/005spi_tx_testing.c" -mcpu=cortex-m4 -std=gnu11 -g3 -DSTM32 -DSTM32F4 -DSTM32F446RETx -DDEBUG -DNUCLEO_F446RE -c -I../Inc -I"C:/Users/idavi/STM32CubeIDE/workspace_1.2.0/019Drivers/drivers/Inc" -O0 -ffunction-sections -fdata-sections -Wall -fstack-usage -MMD -MP -MF"Src/005spi_tx_testing.d" -MT"Src/005spi_tx_testing.o" --specs=nano.specs -mfpu=fpv4-sp-d16 -mfloat-abi=hard -mthumb -o "Src/005spi_tx_testing.o"
make: *** [drivers/Src/subdir.mk:26: drivers/Src/019Drivers_i2c_driver.o] Error 1
make: *** Waiting for unfinished jobs....
make: *** [drivers/Src/subdir.mk:28: drivers/Src/019Drivers_spi_driver.o] Error 1
../Src/005spi_tx_testing.c: In function 'main':
../Src/005spi_tx_testing.c:78:26: error: 'SPI' undeclared (first use in this function); did you mean 'SPI1'?
  while(SPI_GetFlagStatus(SPI, SPI_BUSY_FLAG));
                          ^~~
                          SPI1
../Src/005spi_tx_testing.c:78:26: note: each undeclared identifier is reported only once for each function it appears in
make: *** [Src/subdir.mk:30: Src/005spi_tx_testing.o] Error 1
"make -j4 all" terminated with exit code 2. Build might be incomplete.
11:19:40 **** Clean-only build of configuration Debug for project 019Drivers ****
make -j4 clean 
rm -rf *
 
11:19:44 **** Build of configuration Debug for project 019Drivers ****
make -j4 all 
arm-none-eabi-gcc "../drivers/Src/019Drivers_gpio_driver.c" -mcpu=cortex-m4 -std=gnu11 -g3 -DSTM32 -DSTM32F4 -DSTM32F446RETx -DDEBUG -DNUCLEO_F446RE -c -I../Inc -I"C:/Users/idavi/STM32CubeIDE/workspace_1.2.0/019Drivers/drivers/Inc" -O0 -ffunction-sections -fdata-sections -Wall -fstack-usage -MMD -MP -MF"drivers/Src/019Drivers_gpio_driver.d" -MT"drivers/Src/019Drivers_gpio_driver.o" --specs=nano.specs -mfpu=fpv4-sp-d16 -mfloat-abi=hard -mthumb -o "drivers/Src/019Drivers_gpio_driver.o"
arm-none-eabi-gcc "../drivers/Src/019Drivers_i2c_driver.c" -mcpu=cortex-m4 -std=gnu11 -g3 -DSTM32 -DSTM32F4 -DSTM32F446RETx -DDEBUG -DNUCLEO_F446RE -c -I../Inc -I"C:/Users/idavi/STM32CubeIDE/workspace_1.2.0/019Drivers/drivers/Inc" -O0 -ffunction-sections -fdata-sections -Wall -fstack-usage -MMD -MP -MF"drivers/Src/019Drivers_i2c_driver.d" -MT"drivers/Src/019Drivers_i2c_driver.o" --specs=nano.specs -mfpu=fpv4-sp-d16 -mfloat-abi=hard -mthumb -o "drivers/Src/019Drivers_i2c_driver.o"
arm-none-eabi-gcc "../drivers/Src/019Drivers_spi_driver.c" -mcpu=cortex-m4 -std=gnu11 -g3 -DSTM32 -DSTM32F4 -DSTM32F446RETx -DDEBUG -DNUCLEO_F446RE -c -I../Inc -I"C:/Users/idavi/STM32CubeIDE/workspace_1.2.0/019Drivers/drivers/Inc" -O0 -ffunction-sections -fdata-sections -Wall -fstack-usage -MMD -MP -MF"drivers/Src/019Drivers_spi_driver.d" -MT"drivers/Src/019Drivers_spi_driver.o" --specs=nano.specs -mfpu=fpv4-sp-d16 -mfloat-abi=hard -mthumb -o "drivers/Src/019Drivers_spi_driver.o"
arm-none-eabi-gcc -mcpu=cortex-m4 -g3 -c -x assembler-with-cpp --specs=nano.specs -mfpu=fpv4-sp-d16 -mfloat-abi=hard -mthumb -o "Startup/startup_stm32f446retx.o" "../Startup/startup_stm32f446retx.s"
../drivers/Src/019Drivers_spi_driver.c: In function 'spi_txe_interrupt_handle':
../drivers/Src/019Drivers_spi_driver.c:404:3: warning: implicit declaration of function 'SPI_CloseTransmisson'; did you mean 'SPI_CloseTransmission'? [-Wimplicit-function-declaration]
   SPI_CloseTransmisson(pSPIHandle);        // deactivate transimssion
   ^~~~~~~~~~~~~~~~~~~~
   SPI_CloseTransmission
../drivers/Src/019Drivers_spi_driver.c: In function 'SPI_CloseTransmission':
../drivers/Src/019Drivers_spi_driver.c:462:26: error: 'NULL' undeclared (first use in this function)
  pSPIHandle->pTxBuffer = NULL; // buffer address initialized to NULL
                          ^~~~
../drivers/Src/019Drivers_spi_driver.c:462:26: note: each undeclared identifier is reported only once for each function it appears in
../drivers/Src/019Drivers_spi_driver.c: In function 'SPI_CloseReception':
../drivers/Src/019Drivers_spi_driver.c:471:26: error: 'NULL' undeclared (first use in this function)
  pSPIHandle->pRxBuffer = NULL;
                          ^~~~
../drivers/Src/019Drivers_i2c_driver.c: In function 'I2C_Init':
../drivers/Src/019Drivers_i2c_driver.c:198:13: warning: implicit declaration of function 'RCC_GetPCLK1Value' [-Wimplicit-function-declaration]
  tempreg |= RCC_GetPCLK1Value() /1000000U ;
             ^~~~~~~~~~~~~~~~~
../drivers/Src/019Drivers_i2c_driver.c: In function 'I2C_CloseReceiveData':
../drivers/Src/019Drivers_i2c_driver.c:654:26: error: 'NULL' undeclared (first use in this function)
  pI2CHandle->pRxBuffer = NULL;
                          ^~~~
../drivers/Src/019Drivers_i2c_driver.c:654:26: note: each undeclared identifier is reported only once for each function it appears in
../drivers/Src/019Drivers_i2c_driver.c: In function 'I2C_CloseSendData':
../drivers/Src/019Drivers_i2c_driver.c:675:26: error: 'NULL' undeclared (first use in this function)
  pI2CHandle->pTxBuffer = NULL;
                          ^~~~
../drivers/Src/019Drivers_gpio_driver.c: In function 'GPIO_DeInit':
../drivers/Src/019Drivers_gpio_driver.c:124:3: warning: implicit declaration of function 'GPIOI_REG_RESET'; did you mean 'GPIOG_REG_RESET'? [-Wimplicit-function-declaration]
   GPIOI_REG_RESET();
   ^~~~~~~~~~~~~~~
   GPIOG_REG_RESET
make: *** [drivers/Src/subdir.mk:28: drivers/Src/019Drivers_spi_driver.o] Error 1
make: *** Waiting for unfinished jobs....
make: *** [drivers/Src/subdir.mk:26: drivers/Src/019Drivers_i2c_driver.o] Error 1
"make -j4 all" terminated with exit code 2. Build might be incomplete.
11:21:30 **** Incremental Build of configuration Debug for project 019Drivers ****
make -j4 all 
arm-none-eabi-gcc "../drivers/Src/019Drivers_gpio_driver.c" -mcpu=cortex-m4 -std=gnu11 -g3 -DSTM32 -DSTM32F4 -DSTM32F446RETx -DDEBUG -DNUCLEO_F446RE -c -I../Inc -I"C:/Users/idavi/STM32CubeIDE/workspace_1.2.0/019Drivers/drivers/Inc" -O0 -ffunction-sections -fdata-sections -Wall -fstack-usage -MMD -MP -MF"drivers/Src/019Drivers_gpio_driver.d" -MT"drivers/Src/019Drivers_gpio_driver.o" --specs=nano.specs -mfpu=fpv4-sp-d16 -mfloat-abi=hard -mthumb -o "drivers/Src/019Drivers_gpio_driver.o"
arm-none-eabi-gcc "../drivers/Src/019Drivers_i2c_driver.c" -mcpu=cortex-m4 -std=gnu11 -g3 -DSTM32 -DSTM32F4 -DSTM32F446RETx -DDEBUG -DNUCLEO_F446RE -c -I../Inc -I"C:/Users/idavi/STM32CubeIDE/workspace_1.2.0/019Drivers/drivers/Inc" -O0 -ffunction-sections -fdata-sections -Wall -fstack-usage -MMD -MP -MF"drivers/Src/019Drivers_i2c_driver.d" -MT"drivers/Src/019Drivers_i2c_driver.o" --specs=nano.specs -mfpu=fpv4-sp-d16 -mfloat-abi=hard -mthumb -o "drivers/Src/019Drivers_i2c_driver.o"
arm-none-eabi-gcc "../drivers/Src/019Drivers_spi_driver.c" -mcpu=cortex-m4 -std=gnu11 -g3 -DSTM32 -DSTM32F4 -DSTM32F446RETx -DDEBUG -DNUCLEO_F446RE -c -I../Inc -I"C:/Users/idavi/STM32CubeIDE/workspace_1.2.0/019Drivers/drivers/Inc" -O0 -ffunction-sections -fdata-sections -Wall -fstack-usage -MMD -MP -MF"drivers/Src/019Drivers_spi_driver.d" -MT"drivers/Src/019Drivers_spi_driver.o" --specs=nano.specs -mfpu=fpv4-sp-d16 -mfloat-abi=hard -mthumb -o "drivers/Src/019Drivers_spi_driver.o"
arm-none-eabi-gcc "../Src/005spi_tx_testing.c" -mcpu=cortex-m4 -std=gnu11 -g3 -DSTM32 -DSTM32F4 -DSTM32F446RETx -DDEBUG -DNUCLEO_F446RE -c -I../Inc -I"C:/Users/idavi/STM32CubeIDE/workspace_1.2.0/019Drivers/drivers/Inc" -O0 -ffunction-sections -fdata-sections -Wall -fstack-usage -MMD -MP -MF"Src/005spi_tx_testing.d" -MT"Src/005spi_tx_testing.o" --specs=nano.specs -mfpu=fpv4-sp-d16 -mfloat-abi=hard -mthumb -o "Src/005spi_tx_testing.o"
../drivers/Src/019Drivers_gpio_driver.c: In function 'GPIO_DeInit':
../drivers/Src/019Drivers_gpio_driver.c:124:3: warning: implicit declaration of function 'GPIOI_REG_RESET'; did you mean 'GPIOG_REG_RESET'? [-Wimplicit-function-declaration]
   GPIOI_REG_RESET();
   ^~~~~~~~~~~~~~~
   GPIOG_REG_RESET
../drivers/Src/019Drivers_i2c_driver.c: In function 'I2C_Init':
../drivers/Src/019Drivers_i2c_driver.c:198:13: warning: implicit declaration of function 'RCC_GetPCLK1Value' [-Wimplicit-function-declaration]
  tempreg |= RCC_GetPCLK1Value() /1000000U ;
             ^~~~~~~~~~~~~~~~~
../drivers/Src/019Drivers_spi_driver.c: In function 'spi_txe_interrupt_handle':
../drivers/Src/019Drivers_spi_driver.c:403:3: warning: implicit declaration of function 'SPI_CloseTransmisson'; did you mean 'SPI_CloseTransmission'? [-Wimplicit-function-declaration]
   SPI_CloseTransmisson(pSPIHandle);        // deactivate transimssion
   ^~~~~~~~~~~~~~~~~~~~
   SPI_CloseTransmission
arm-none-eabi-gcc "../Src/006spi_tx_arduino.c" -mcpu=cortex-m4 -std=gnu11 -g3 -DSTM32 -DSTM32F4 -DSTM32F446RETx -DDEBUG -DNUCLEO_F446RE -c -I../Inc -I"C:/Users/idavi/STM32CubeIDE/workspace_1.2.0/019Drivers/drivers/Inc" -O0 -ffunction-sections -fdata-sections -Wall -fstack-usage -MMD -MP -MF"Src/006spi_tx_arduino.d" -MT"Src/006spi_tx_arduino.o" --specs=nano.specs -mfpu=fpv4-sp-d16 -mfloat-abi=hard -mthumb -o "Src/006spi_tx_arduino.o"
arm-none-eabi-gcc "../Src/008spi_cmd_handling.c" -mcpu=cortex-m4 -std=gnu11 -g3 -DSTM32 -DSTM32F4 -DSTM32F446RETx -DDEBUG -DNUCLEO_F446RE -c -I../Inc -I"C:/Users/idavi/STM32CubeIDE/workspace_1.2.0/019Drivers/drivers/Inc" -O0 -ffunction-sections -fdata-sections -Wall -fstack-usage -MMD -MP -MF"Src/008spi_cmd_handling.d" -MT"Src/008spi_cmd_handling.o" --specs=nano.specs -mfpu=fpv4-sp-d16 -mfloat-abi=hard -mthumb -o "Src/008spi_cmd_handling.o"
arm-none-eabi-gcc "../Src/syscalls.c" -mcpu=cortex-m4 -std=gnu11 -g3 -DSTM32 -DSTM32F4 -DSTM32F446RETx -DDEBUG -DNUCLEO_F446RE -c -I../Inc -I"C:/Users/idavi/STM32CubeIDE/workspace_1.2.0/019Drivers/drivers/Inc" -O0 -ffunction-sections -fdata-sections -Wall -fstack-usage -MMD -MP -MF"Src/syscalls.d" -MT"Src/syscalls.o" --specs=nano.specs -mfpu=fpv4-sp-d16 -mfloat-abi=hard -mthumb -o "Src/syscalls.o"
arm-none-eabi-gcc "../Src/sysmem.c" -mcpu=cortex-m4 -std=gnu11 -g3 -DSTM32 -DSTM32F4 -DSTM32F446RETx -DDEBUG -DNUCLEO_F446RE -c -I../Inc -I"C:/Users/idavi/STM32CubeIDE/workspace_1.2.0/019Drivers/drivers/Inc" -O0 -ffunction-sections -fdata-sections -Wall -fstack-usage -MMD -MP -MF"Src/sysmem.d" -MT"Src/sysmem.o" --specs=nano.specs -mfpu=fpv4-sp-d16 -mfloat-abi=hard -mthumb -o "Src/sysmem.o"
../Src/006spi_tx_arduino.c: In function 'SPI2_GPIOInits':
../Src/006spi_tx_arduino.c:35:25: error: 'GPIO_PinConfig_t {aka struct <anonymous>}' has no member named 'GPIO_PinPuPdControl'; did you mean 'GPIO_Pin_PuPdControl'?
  SPIPins.GPIO_PinConfig.GPIO_PinPuPdControl = GPIO_PIN_PU;
                         ^~~~~~~~~~~~~~~~~~~
                         GPIO_Pin_PuPdControl
../Src/006spi_tx_arduino.c: In function 'GPIO_ButtonInit':
../Src/006spi_tx_arduino.c:84:25: error: 'GPIO_PinConfig_t {aka struct <anonymous>}' has no member named 'GPIO_PinPuPdControl'; did you mean 'GPIO_Pin_PuPdControl'?
  GPIOBtn.GPIO_PinConfig.GPIO_PinPuPdControl = GPIO_NO_PUPD;
                         ^~~~~~~~~~~~~~~~~~~
                         GPIO_Pin_PuPdControl
../Src/008spi_cmd_handling.c: In function 'SPI2_GPIOInits':
../Src/008spi_cmd_handling.c:57:25: error: 'GPIO_PinConfig_t {aka struct <anonymous>}' has no member named 'GPIO_PinPuPdControl'; did you mean 'GPIO_Pin_PuPdControl'?
  SPIPins.GPIO_PinConfig.GPIO_PinPuPdControl = GPIO_PIN_PU;
                         ^~~~~~~~~~~~~~~~~~~
                         GPIO_Pin_PuPdControl
../Src/008spi_cmd_handling.c: In function 'GPIO_ButtonInit':
../Src/008spi_cmd_handling.c:106:25: error: 'GPIO_PinConfig_t {aka struct <anonymous>}' has no member named 'GPIO_PinPuPdControl'; did you mean 'GPIO_Pin_PuPdControl'?
  GPIOBtn.GPIO_PinConfig.GPIO_PinPuPdControl = GPIO_NO_PUPD;
                         ^~~~~~~~~~~~~~~~~~~
                         GPIO_Pin_PuPdControl
../Src/008spi_cmd_handling.c:115:25: error: 'GPIO_PinConfig_t {aka struct <anonymous>}' has no member named 'GPIO_PinPuPdControl'; did you mean 'GPIO_Pin_PuPdControl'?
  GPIOled.GPIO_PinConfig.GPIO_PinPuPdControl = GPIO_NO_PUPD;
                         ^~~~~~~~~~~~~~~~~~~
                         GPIO_Pin_PuPdControl
../Src/008spi_cmd_handling.c: In function 'main':
../Src/008spi_cmd_handling.c:139:2: warning: implicit declaration of function 'printf' [-Wimplicit-function-declaration]
  printf("Application is running\n");
  ^~~~~~
../Src/008spi_cmd_handling.c:139:2: warning: incompatible implicit declaration of built-in function 'printf'
../Src/008spi_cmd_handling.c:139:2: note: include '<stdio.h>' or provide a declaration of 'printf'
make: *** [Src/subdir.mk:32: Src/006spi_tx_arduino.o] Error 1
make: *** Waiting for unfinished jobs....
make: *** [Src/subdir.mk:34: Src/008spi_cmd_handling.o] Error 1
"make -j4 all" terminated with exit code 2. Build might be incomplete.
11:22:22 **** Incremental Build of configuration Debug for project 019Drivers ****
make -j4 all 
arm-none-eabi-gcc "../Src/006spi_tx_arduino.c" -mcpu=cortex-m4 -std=gnu11 -g3 -DSTM32 -DSTM32F4 -DSTM32F446RETx -DDEBUG -DNUCLEO_F446RE -c -I../Inc -I"C:/Users/idavi/STM32CubeIDE/workspace_1.2.0/019Drivers/drivers/Inc" -O0 -ffunction-sections -fdata-sections -Wall -fstack-usage -MMD -MP -MF"Src/006spi_tx_arduino.d" -MT"Src/006spi_tx_arduino.o" --specs=nano.specs -mfpu=fpv4-sp-d16 -mfloat-abi=hard -mthumb -o "Src/006spi_tx_arduino.o"
arm-none-eabi-gcc "../Src/008spi_cmd_handling.c" -mcpu=cortex-m4 -std=gnu11 -g3 -DSTM32 -DSTM32F4 -DSTM32F446RETx -DDEBUG -DNUCLEO_F446RE -c -I../Inc -I"C:/Users/idavi/STM32CubeIDE/workspace_1.2.0/019Drivers/drivers/Inc" -O0 -ffunction-sections -fdata-sections -Wall -fstack-usage -MMD -MP -MF"Src/008spi_cmd_handling.d" -MT"Src/008spi_cmd_handling.o" --specs=nano.specs -mfpu=fpv4-sp-d16 -mfloat-abi=hard -mthumb -o "Src/008spi_cmd_handling.o"
../Src/008spi_cmd_handling.c: In function 'SPI2_GPIOInits':
../Src/008spi_cmd_handling.c:57:25: error: 'GPIO_PinConfig_t {aka struct <anonymous>}' has no member named 'GPIO_PinPu_PdControl'; did you mean 'GPIO_Pin_PuPdControl'?
  SPIPins.GPIO_PinConfig.GPIO_PinPu_PdControl = GPIO_PIN_PU;
                         ^~~~~~~~~~~~~~~~~~~~
                         GPIO_Pin_PuPdControl
../Src/008spi_cmd_handling.c: In function 'main':
../Src/008spi_cmd_handling.c:139:2: warning: implicit declaration of function 'printf' [-Wimplicit-function-declaration]
  printf("Application is running\n");
  ^~~~~~
../Src/008spi_cmd_handling.c:139:2: warning: incompatible implicit declaration of built-in function 'printf'
../Src/008spi_cmd_handling.c:139:2: note: include '<stdio.h>' or provide a declaration of 'printf'
make: *** [Src/subdir.mk:34: Src/008spi_cmd_handling.o] Error 1
make: *** Waiting for unfinished jobs....
"make -j4 all" terminated with exit code 2. Build might be incomplete.
11:22:41 **** Incremental Build of configuration Debug for project 019Drivers ****
make -j4 all 
arm-none-eabi-gcc "../Src/008spi_cmd_handling.c" -mcpu=cortex-m4 -std=gnu11 -g3 -DSTM32 -DSTM32F4 -DSTM32F446RETx -DDEBUG -DNUCLEO_F446RE -c -I../Inc -I"C:/Users/idavi/STM32CubeIDE/workspace_1.2.0/019Drivers/drivers/Inc" -O0 -ffunction-sections -fdata-sections -Wall -fstack-usage -MMD -MP -MF"Src/008spi_cmd_handling.d" -MT"Src/008spi_cmd_handling.o" --specs=nano.specs -mfpu=fpv4-sp-d16 -mfloat-abi=hard -mthumb -o "Src/008spi_cmd_handling.o"
../Src/008spi_cmd_handling.c: In function 'main':
../Src/008spi_cmd_handling.c:139:2: warning: implicit declaration of function 'printf' [-Wimplicit-function-declaration]
  printf("Application is running\n");
  ^~~~~~
../Src/008spi_cmd_handling.c:139:2: warning: incompatible implicit declaration of built-in function 'printf'
../Src/008spi_cmd_handling.c:139:2: note: include '<stdio.h>' or provide a declaration of 'printf'
arm-none-eabi-gcc -o "019Drivers.elf" @"objects.list"   -mcpu=cortex-m4 -T"C:\Users\idavi\STM32CubeIDE\workspace_1.2.0\019Drivers\STM32F446RETX_FLASH.ld" --specs=nosys.specs -Wl,-Map="019Drivers.map" -Wl,--gc-sections -static --specs=nano.specs -mfpu=fpv4-sp-d16 -mfloat-abi=hard -mthumb -Wl,--start-group -lc -lm -Wl,--end-group
Src/006spi_tx_arduino.o: In function `SPI2_GPIOInits':
C:/Users/idavi/STM32CubeIDE/workspace_1.2.0/019Drivers/Debug/../Src/006spi_tx_arduino.c:28: multiple definition of `SPI2_GPIOInits'
Src/005spi_tx_testing.o:C:/Users/idavi/STM32CubeIDE/workspace_1.2.0/019Drivers/Debug/../Src/005spi_tx_testing.c:19: first defined here
Src/006spi_tx_arduino.o: In function `SPI2_Inits':
C:/Users/idavi/STM32CubeIDE/workspace_1.2.0/019Drivers/Debug/../Src/006spi_tx_arduino.c:59: multiple definition of `SPI2_Inits'
Src/005spi_tx_testing.o:C:/Users/idavi/STM32CubeIDE/workspace_1.2.0/019Drivers/Debug/../Src/005spi_tx_testing.c:45: first defined here
Src/006spi_tx_arduino.o: In function `main':
C:/Users/idavi/STM32CubeIDE/workspace_1.2.0/019Drivers/Debug/../Src/006spi_tx_arduino.c:92: multiple definition of `main'
Src/005spi_tx_testing.o:C:/Users/idavi/STM32CubeIDE/workspace_1.2.0/019Drivers/Debug/../Src/005spi_tx_testing.c:60: first defined here
Src/008spi_cmd_handling.o: In function `delay':
C:/Users/idavi/STM32CubeIDE/workspace_1.2.0/019Drivers/Debug/../Src/008spi_cmd_handling.c:37: multiple definition of `delay'
Src/006spi_tx_arduino.o:C:/Users/idavi/STM32CubeIDE/workspace_1.2.0/019Drivers/Debug/../Src/006spi_tx_arduino.c:15: first defined here
Src/008spi_cmd_handling.o: In function `SPI2_GPIOInits':
C:/Users/idavi/STM32CubeIDE/workspace_1.2.0/019Drivers/Debug/../Src/008spi_cmd_handling.c:50: multiple definition of `SPI2_GPIOInits'
Src/005spi_tx_testing.o:C:/Users/idavi/STM32CubeIDE/workspace_1.2.0/019Drivers/Debug/../Src/005spi_tx_testing.c:19: first defined here
Src/008spi_cmd_handling.o: In function `SPI2_Inits':
C:/Users/idavi/STM32CubeIDE/workspace_1.2.0/019Drivers/Debug/../Src/008spi_cmd_handling.c:81: multiple definition of `SPI2_Inits'
Src/005spi_tx_testing.o:C:/Users/idavi/STM32CubeIDE/workspace_1.2.0/019Drivers/Debug/../Src/005spi_tx_testing.c:45: first defined here
Src/008spi_cmd_handling.o: In function `GPIO_ButtonInit':
C:/Users/idavi/STM32CubeIDE/workspace_1.2.0/019Drivers/Debug/../Src/008spi_cmd_handling.c:98: multiple definition of `GPIO_ButtonInit'
Src/006spi_tx_arduino.o:C:/Users/idavi/STM32CubeIDE/workspace_1.2.0/019Drivers/Debug/../Src/006spi_tx_arduino.c:76: first defined here
Src/008spi_cmd_handling.o: In function `main':
C:/Users/idavi/STM32CubeIDE/workspace_1.2.0/019Drivers/Debug/../Src/008spi_cmd_handling.c:133: multiple definition of `main'
Src/005spi_tx_testing.o:C:/Users/idavi/STM32CubeIDE/workspace_1.2.0/019Drivers/Debug/../Src/005spi_tx_testing.c:60: first defined here
collect2.exe: error: ld returned 1 exit status
make: *** [makefile:44: 019Drivers.elf] Error 1
"make -j4 all" terminated with exit code 2. Build might be incomplete.
11:23:21 **** Clean-only build of configuration Debug for project 019Drivers ****
make -j4 clean 
rm -rf *
 
